ARM Linker, 5.03 [Build 76] [MDK-ARM Standard]

==============================================================================

Section Cross References

    startup_stm32f10x_md.o(RESET) refers to startup_stm32f10x_md.o(STACK) for __initial_sp
    startup_stm32f10x_md.o(RESET) refers to startup_stm32f10x_md.o(.text) for Reset_Handler
    startup_stm32f10x_md.o(RESET) refers to stm32f10x_it.o(.text) for NMI_Handler
    startup_stm32f10x_md.o(.text) refers to system_stm32f10x.o(.text) for SystemInit
    startup_stm32f10x_md.o(.text) refers to entry.o(.ARM.Collect$$$$00000000) for __main
    global.o(.text) refers to global.o(.data) for TimeSlice
    global.o(.text) refers to global.o(.bss) for Btm_state
    main.o(.text) refers to user_coreconfig.o(.text) for RCC_Config
    main.o(.text) refers to printf5.o(i.__0printf$5) for __2printf
    main.o(.text) refers to printf.o(.text) for Puts
    main.o(.text) refers to delay.o(.text) for Delay_init
    main.o(.text) refers to user_handle.o(.text) for BTMCMDHandler
    main.o(.text) refers to global.o(.text) for GetSendPackageTimeout
    main.o(.text) refers to stm32f10x_gpio.o(.text) for GPIO_SetBits
    main.o(.text) refers to ads1299.o(.text) for init_ADS1x9x
    main.o(.text) refers to global.o(.data) for SysSendAppData
    main.o(.text) refers to main.o(.data) for ucCount
    stm32f10x_it.o(.text) refers to stm32f10x_usart.o(.text) for USART_ReceiveData
    stm32f10x_it.o(.text) refers to user_handle.o(.text) for ClearArray
    stm32f10x_it.o(.text) refers to printf.o(.text) for Puts
    stm32f10x_it.o(.text) refers to stm32f10x_tim.o(.text) for TIM_GetITStatus
    stm32f10x_it.o(.text) refers to stm32f10x_exti.o(.text) for EXTI_GetITStatus
    stm32f10x_it.o(.text) refers to global.o(.text) for delayUS
    stm32f10x_it.o(.text) refers to ads1299.o(.text) for Set_ADS1x9x_Chip_Enable
    stm32f10x_it.o(.text) refers to queue.o(.text) for Push_Enqueue
    stm32f10x_it.o(.text) refers to global.o(.bss) for ReceiveMBBuff
    stm32f10x_it.o(.text) refers to stm32f10x_it.o(.data) for ucIdx
    stm32f10x_it.o(.text) refers to global.o(.data) for gucRCVFlg
    printf.o(.text) refers to stm32f10x_usart.o(.text) for USART_SendData
    user_coreconfig.o(.text) refers to stm32f10x_rcc.o(.text) for RCC_APB2PeriphClockCmd
    user_coreconfig.o(.text) refers to misc.o(.text) for NVIC_SetVectorTable
    user_coreconfig.o(.text) refers to stm32f10x_gpio.o(.text) for GPIO_Init
    user_coreconfig.o(.text) refers to stm32f10x_usart.o(.text) for USART_Init
    user_coreconfig.o(.text) refers to stm32f10x_tim.o(.text) for TIM_ITConfig
    user_coreconfig.o(.text) refers to stm32f10x_dma.o(.text) for DMA_DeInit
    user_coreconfig.o(.text) refers to stm32f10x_adc.o(.text) for ADC_DeInit
    user_coreconfig.o(.text) refers to delay.o(.text) for Delay_1ms
    user_coreconfig.o(.text) refers to global.o(.text) for SetChangeNameTimeout
    user_coreconfig.o(.text) refers to spi.o(.text) for USR_SPI_Init
    user_coreconfig.o(.text) refers to global.o(.data) for ADCConvertedValue
    user_coreconfig.o(.text) refers to stm32f10x_exti.o(.text) for EXTI_Init
    user_coreconfig.o(.text) refers to user_coreconfig.o(.data) for EXTI_InitStruct_PD8
    user_handle.o(.text) refers to stm32f10x_gpio.o(.text) for GPIO_SetBits
    user_handle.o(.text) refers to stm32f10x_usart.o(.text) for USART_SendData
    user_handle.o(.text) refers to printf5.o(i.__0printf$5) for __2printf
    user_handle.o(.text) refers to printf.o(.text) for Puts
    user_handle.o(.text) refers to global.o(.text) for SetSendAppDataFlg
    user_handle.o(.text) refers to user_handle.o(.data) for KeyId
    user_handle.o(.text) refers to global.o(.data) for ADCConvertedValue
    user_handle.o(.text) refers to global.o(.bss) for buffer
    user_handle.o(.text) refers to delay.o(.text) for Delay_1ms
    user_handle.o(.text) refers to user_coreconfig.o(.text) for disable_ADS1x9x_Interrupt
    user_handle.o(.text) refers to ads1299.o(.text) for Soft_Stop_ADS1x9x
    user_handle.o(.text) refers to queue.o(.text) for PopDequeue
    user_handle.o(.text) refers to queue.o(.data) for Enqueue_Bit
    ads1299.o(.text) refers to stm32f10x_gpio.o(.text) for GPIO_ResetBits
    ads1299.o(.text) refers to printf.o(.text) for Puts
    ads1299.o(.text) refers to delay.o(.text) for Delay_1ms
    ads1299.o(.text) refers to spi.o(.text) for USR_SPI_ClearFlag
    ads1299.o(.text) refers to global.o(.text) for delayUS
    ads1299.o(.text) refers to user_coreconfig.o(.text) for init_ADS1x9x_Data_Ready_Interrupt
    ads1299.o(.text) refers to printf5.o(i.__0printf$5) for __2printf
    ads1299.o(.text) refers to global.o(.data) for ADS1x9x_Status_Flags
    delay.o(.text) refers to delay.o(.data) for fac_us
    queue.o(.text) refers to queue.o(.data) for tail
    queue.o(.text) refers to queue.o(.bss) for queue
    stm32f10x_adc.o(.text) refers to stm32f10x_rcc.o(.text) for RCC_APB2PeriphResetCmd
[...]
    stm32f10x_tim.o(.text) refers to stm32f10x_rcc.o(.text) for RCC_APB2PeriphResetCmd
    stm32f10x_usart.o(.text) refers to stm32f10x_rcc.o(.text) for RCC_APB2PeriphResetCmd
    system_stm32f10x.o(.text) refers to system_stm32f10x.o(.data) for SystemCoreClock
    entry.o(.ARM.Collect$$$$00000000) refers (Special) to entry10a.o(.ARM.Collect$$$$0000000D) for __rt_final_cpp
    entry.o(.ARM.Collect$$$$00000000) refers (Special) to entry11a.o(.ARM.Collect$$$$0000000F) for __rt_final_exit
    entry.o(.ARM.Collect$$$$00000000) refers (Special) to entry7b.o(.ARM.Collect$$$$00000008) for _main_clock
    entry.o(.ARM.Collect$$$$00000000) refers (Special) to entry8b.o(.ARM.Collect$$$$0000000A) for _main_cpp_init
    entry.o(.ARM.Collect$$$$00000000) refers (Special) to entry9a.o(.ARM.Collect$$$$0000000B) for _main_init
    entry.o(.ARM.Collect$$$$00000000) refers (Special) to entry5.o(.ARM.Collect$$$$00000004) for _main_scatterload
    entry.o(.ARM.Collect$$$$00000000) refers (Special) to entry2.o(.ARM.Collect$$$$00000001) for _main_stk
    printfb.o(i.__0fprintf$bare) refers to printfb.o(i._printf_core) for _printf_core
    printfb.o(i.__0fprintf$bare) refers to printf.o(.text) for fputc
    printfb.o(i.__0printf$bare) refers to printfb.o(i._printf_core) for _printf_core
    printfb.o(i.__0printf$bare) refers to printf.o(.text) for fputc
    printfb.o(i.__0printf$bare) refers to stdout.o(.data) for __stdout
    printfb.o(i.__0snprintf$bare) refers to printfb.o(i._printf_core) for _printf_core
    printfb.o(i.__0snprintf$bare) refers to printfb.o(i._snputc) for _snputc
    printfb.o(i.__0sprintf$bare) refers to printfb.o(i._printf_core) for _printf_core
    printfb.o(i.__0sprintf$bare) refers to printfb.o(i._sputc) for _sputc
    printfb.o(i.__0vfprintf$bare) refers to printfb.o(i._printf_core) for _printf_core
    printfb.o(i.__0vfprintf$bare) refers to printf.o(.text) for fputc
    printfb.o(i.__0vprintf$bare) refers to printfb.o(i._printf_core) for _printf_core
    printfb.o(i.__0vprintf$bare) refers to printf.o(.text) for fputc
    printfb.o(i.__0vprintf$bare) refers to stdout.o(.data) for __stdout
    printfb.o(i.__0vsnprintf$bare) refers to printfb.o(i._printf_core) for _printf_core
    printfb.o(i.__0vsnprintf$bare) refers to printfb.o(i._snputc) for _snputc
    printfb.o(i.__0vsprintf$bare) refers to printfb.o(i._printf_core) for _printf_core
    printfb.o(i.__0vsprintf$bare) refers to printfb.o(i._sputc) for _sputc
    printf0.o(i.__0fprintf$0) refers to printf0.o(i._printf_core) for _printf_core
    printf0.o(i.__0fprintf$0) refers to printf.o(.text) for fputc
    printf0.o(i.__0printf$0) refers to printf0.o(i._printf_core) for _printf_core
    printf0.o(i.__0printf$0) refers to printf.o(.text) for fputc
    printf0.o(i.__0printf$0) refers to stdout.o(.data) for __stdout
    printf0.o(i.__0snprintf$0) refers to printf0.o(i._printf_core) for _printf_core
    printf0.o(i.__0snprintf$0) refers to printf0.o(i._snputc) for _snputc
    printf0.o(i.__0sprintf$0) refers to printf0.o(i._printf_core) for _printf_core
    printf0.o(i.__0sprintf$0) refers to printf0.o(i._sputc) for _sputc
    printf0.o(i.__0vfprintf$0) refers to printf0.o(i._printf_core) for _printf_core
    printf0.o(i.__0vfprintf$0) refers to printf.o(.text) for fputc
    printf0.o(i.__0vprintf$0) refers to printf0.o(i._printf_core) for _printf_core
    printf0.o(i.__0vprintf$0) refers to printf.o(.text) for fputc
    printf0.o(i.__0vprintf$0) refers to stdout.o(.data) for __stdout
    printf0.o(i.__0vsnprintf$0) refers to printf0.o(i._printf_core) for _printf_core
    printf0.o(i.__0vsnprintf$0) refers to printf0.o(i._snputc) for _snputc
    printf0.o(i.__0vsprintf$0) refers to printf0.o(i._printf_core) for _printf_core
    printf0.o(i.__0vsprintf$0) refers to printf0.o(i._sputc) for _sputc
    printf1.o(i.__0fprintf$1) refers to printf1.o(i._printf_core) for _printf_core
    printf1.o(i.__0fprintf$1) refers to printf.o(.text) for fputc
    printf1.o(i.__0printf$1) refers to printf1.o(i._printf_core) for _printf_core
    printf1.o(i.__0printf$1) refers to printf.o(.text) for fputc
    printf1.o(i.__0printf$1) refers to stdout.o(.data) for __stdout
    printf1.o(i.__0snprintf$1) refers to printf1.o(i._printf_core) for _printf_core
    printf1.o(i.__0snprintf$1) refers to printf1.o(i._snputc) for _snputc
    printf1.o(i.__0sprintf$1) refers to printf1.o(i._printf_core) for _printf_core
    printf1.o(i.__0sprintf$1) refers to printf1.o(i._sputc) for _sputc
    printf1.o(i.__0vfprintf$1) refers to printf1.o(i._printf_core) for _printf_core
    printf1.o(i.__0vfprintf$1) refers to printf.o(.text) for fputc
    printf1.o(i.__0vprintf$1) refers to printf1.o(i._printf_core) for _printf_core
    printf1.o(i.__0vprintf$1) refers to printf.o(.text) for fputc
    printf1.o(i.__0vprintf$1) refers to stdout.o(.data) for __stdout
    printf1.o(i.__0vsnprintf$1) refers to printf1.o(i._printf_core) for _printf_core
    printf1.o(i.__0vsnprintf$1) refers to printf1.o(i._snputc) for _snputc
    printf1.o(i.__0vsprintf$1) refers to printf1.o(i._printf_core) for _printf_core
    printf1.o(i.__0vsprintf$1) refers to printf1.o(i._sputc) for _sputc
    printf1.o(i._printf_core) refers to uidiv.o(.text) for __aeabi_uidivmod
    printf2.o(i.__0fprintf$2) refers to printf2.o(i._printf_core) for _printf_core
    printf2.o(i.__0fprintf$2) refers to printf.o(.text) for fputc
    printf2.o(i.__0printf$2) refers to printf2.o(i._printf_core) for _printf_core
    printf2.o(i.__0printf$2) refers to printf.o(.text) for fputc
    printf2.o(i.__0printf$2) refers to stdout.o(.data) for __stdout
    printf2.o(i.__0snprintf$2) refers to printf2.o(i._printf_core) for _printf_core
    printf2.o(i.__0snprintf$2) refers to printf2.o(i._snputc) for _snputc
    printf2.o(i.__0sprintf$2) refers to printf2.o(i._printf_core) for _printf_core
    printf2.o(i.__0sprintf$2) refers to printf2.o(i._sputc) for _sputc
    printf2.o(i.__0vfprintf$2) refers to printf2.o(i._printf_core) for _printf_core
    printf2.o(i.__0vfprintf$2) refers to printf.o(.text) for fputc
    printf2.o(i.__0vprintf$2) refers to printf2.o(i._printf_core) for _printf_core
    printf2.o(i.__0vprintf$2) refers to printf.o(.text) for fputc
    printf2.o(i.__0vprintf$2) refers to stdout.o(.data) for __stdout
    printf2.o(i.__0vsnprintf$2) refers to printf2.o(i._printf_core) for _printf_core
    printf2.o(i.__0vsnprintf$2) refers to printf2.o(i._snputc) for _snputc
    printf2.o(i.__0vsprintf$2) refers to printf2.o(i._printf_core) for _printf_core
    printf2.o(i.__0vsprintf$2) refers to printf2.o(i._sputc) for _sputc
    printf3.o(i.__0fprintf$3) refers to printf3.o(i._printf_core) for _printf_core
    printf3.o(i.__0fprintf$3) refers to printf.o(.text) for fputc
    printf3.o(i.__0printf$3) refers to printf3.o(i._printf_core) for _printf_core
    printf3.o(i.__0printf$3) refers to printf.o(.text) for fputc
    printf3.o(i.__0printf$3) refers to stdout.o(.data) for __stdout
    printf3.o(i.__0snprintf$3) refers to printf3.o(i._printf_core) for _printf_core
    printf3.o(i.__0snprintf$3) refers to printf3.o(i._snputc) for _snputc
    printf3.o(i.__0sprintf$3) refers to printf3.o(i._printf_core) for _printf_core
    printf3.o(i.__0sprintf$3) refers to printf3.o(i._sputc) for _sputc
    printf3.o(i.__0vfprintf$3) refers to printf3.o(i._printf_core) for _printf_core
    printf3.o(i.__0vfprintf$3) refers to printf.o(.text) for fputc
    printf3.o(i.__0vprintf$3) refers to printf3.o(i._printf_core) for _printf_core
    printf3.o(i.__0vprintf$3) refers to printf.o(.text) for fputc
    printf3.o(i.__0vprintf$3) refers to stdout.o(.data) for __stdout
    printf3.o(i.__0vsnprintf$3) refers to printf3.o(i._printf_core) for _printf_core
    printf3.o(i.__0vsnprintf$3) refers to printf3.o(i._snputc) for _snputc
    printf3.o(i.__0vsprintf$3) refers to printf3.o(i._printf_core) for _printf_core
    printf3.o(i.__0vsprintf$3) refers to printf3.o(i._sputc) for _sputc
    printf3.o(i._printf_core) refers to uidiv.o(.text) for __aeabi_uidivmod
    printf4.o(i.__0fprintf$4) refers to printf4.o(i._printf_core) for _printf_core
    printf4.o(i.__0fprintf$4) refers to printf.o(.text) for fputc
    printf4.o(i.__0printf$4) refers to printf4.o(i._printf_core) for _printf_core
    printf4.o(i.__0printf$4) refers to printf.o(.text) for fputc
    printf4.o(i.__0printf$4) refers to stdout.o(.data) for __stdout
    printf4.o(i.__0snprintf$4) refers to printf4.o(i._printf_core) for _printf_core
    printf4.o(i.__0snprintf$4) refers to printf4.o(i._snputc) for _snputc
    printf4.o(i.__0sprintf$4) refers to printf4.o(i._printf_core) for _printf_core
    printf4.o(i.__0sprintf$4) refers to printf4.o(i._sputc) for _sputc
    printf4.o(i.__0vfprintf$4) refers to printf4.o(i._printf_core) for _printf_core
    printf4.o(i.__0vfprintf$4) refers to printf.o(.text) for fputc
    printf4.o(i.__0vprintf$4) refers to printf4.o(i._printf_core) for _printf_core
    printf4.o(i.__0vprintf$4) refers to printf.o(.text) for fputc
    printf4.o(i.__0vprintf$4) refers to stdout.o(.data) for __stdout
    printf4.o(i.__0vsnprintf$4) refers to printf4.o(i._printf_core) for _printf_core
    printf4.o(i.__0vsnprintf$4) refers to printf4.o(i._snputc) for _snputc
    printf4.o(i.__0vsprintf$4) refers to printf4.o(i._printf_core) for _printf_core
    printf4.o(i.__0vsprintf$4) refers to printf4.o(i._sputc) for _sputc
    printf4.o(i._printf_core) refers to uldiv.o(.text) for __aeabi_uldivmod
    printf5.o(i.__0fprintf$5) refers to printf5.o(i._printf_core) for _printf_core
    printf5.o(i.__0fprintf$5) refers to printf.o(.text) for fputc
    printf5.o(i.__0printf$5) refers to printf5.o(i._printf_core) for _printf_core
    printf5.o(i.__0printf$5) refers to printf.o(.text) for fputc
    printf5.o(i.__0printf$5) refers to stdout.o(.data) for __stdout
    printf5.o(i.__0snprintf$5) refers to printf5.o(i._printf_core) for _printf_core
    printf5.o(i.__0snprintf$5) refers to printf5.o(i._snputc) for _snputc
    printf5.o(i.__0sprintf$5) refers to printf5.o(i._printf_core) for _printf_core
    printf5.o(i.__0sprintf$5) refers to printf5.o(i._sputc) for _sputc
    printf5.o(i.__0vfprintf$5) refers to printf5.o(i._printf_core) for _printf_core
    printf5.o(i.__0vfprintf$5) refers to printf.o(.text) for fputc
    printf5.o(i.__0vprintf$5) refers to printf5.o(i._printf_core) for _printf_core
    printf5.o(i.__0vprintf$5) refers to printf.o(.text) for fputc
    printf5.o(i.__0vprintf$5) refers to stdout.o(.data) for __stdout
    printf5.o(i.__0vsnprintf$5) refers to printf5.o(i._printf_core) for _printf_core
    printf5.o(i.__0vsnprintf$5) refers to printf5.o(i._snputc) for _snputc
    printf5.o(i.__0vsprintf$5) refers to printf5.o(i._printf_core) for _printf_core
    printf5.o(i.__0vsprintf$5) refers to printf5.o(i._sputc) for _sputc
    printf5.o(i._printf_core) refers to uldiv.o(.text) for __aeabi_uldivmod
    printf6.o(i.__0fprintf$6) refers to printf6.o(i._printf_core) for _printf_core
    printf6.o(i.__0fprintf$6) refers to printf.o(.text) for fputc
    printf6.o(i.__0printf$6) refers to printf6.o(i._printf_core) for _printf_core
    printf6.o(i.__0printf$6) refers to printf.o(.text) for fputc
    printf6.o(i.__0printf$6) refers to stdout.o(.data) for __stdout
    printf6.o(i.__0snprintf$6) refers to printf6.o(i._printf_core) for _printf_core
    printf6.o(i.__0snprintf$6) refers to printf6.o(i._snputc) for _snputc
    printf6.o(i.__0sprintf$6) refers to printf6.o(i._printf_core) for _printf_core
    printf6.o(i.__0sprintf$6) refers to printf6.o(i._sputc) for _sputc
    printf6.o(i.__0vfprintf$6) refers to printf6.o(i._printf_core) for _printf_core
    printf6.o(i.__0vfprintf$6) refers to printf.o(.text) for fputc
    printf6.o(i.__0vprintf$6) refers to printf6.o(i._printf_core) for _printf_core
    printf6.o(i.__0vprintf$6) refers to printf.o(.text) for fputc
    printf6.o(i.__0vprintf$6) refers to stdout.o(.data) for __stdout
    printf6.o(i.__0vsnprintf$6) refers to printf6.o(i._printf_core) for _printf_core
    printf6.o(i.__0vsnprintf$6) refers to printf6.o(i._snputc) for _snputc
    printf6.o(i.__0vsprintf$6) refers to printf6.o(i._printf_core) for _printf_core
    printf6.o(i.__0vsprintf$6) refers to printf6.o(i._sputc) for _sputc
    printf6.o(i._printf_core) refers to printf6.o(i._printf_pre_padding) for _printf_pre_padding
    printf6.o(i._printf_core) refers to uidiv.o(.text) for __aeabi_uidivmod
    printf6.o(i._printf_core) refers to printf6.o(i._printf_post_padding) for _printf_post_padding
    printf7.o(i.__0fprintf$7) refers to printf7.o(i._printf_core) for _printf_core
    printf7.o(i.__0fprintf$7) refers to printf.o(.text) for fputc
    printf7.o(i.__0printf$7) refers to printf7.o(i._printf_core) for _printf_core
    printf7.o(i.__0printf$7) refers to printf.o(.text) for fputc
    printf7.o(i.__0printf$7) refers to stdout.o(.data) for __stdout
    printf7.o(i.__0snprintf$7) refers to printf7.o(i._printf_core) for _printf_core
    printf7.o(i.__0snprintf$7) refers to printf7.o(i._snputc) for _snputc
    printf7.o(i.__0sprintf$7) refers to printf7.o(i._printf_core) for _printf_core
    printf7.o(i.__0sprintf$7) refers to printf7.o(i._sputc) for _sputc
    printf7.o(i.__0vfprintf$7) refers to printf7.o(i._printf_core) for _printf_core
    printf7.o(i.__0vfprintf$7) refers to printf.o(.text) for fputc
    printf7.o(i.__0vprintf$7) refers to printf7.o(i._printf_core) for _printf_core
    printf7.o(i.__0vprintf$7) refers to printf.o(.text) for fputc
    printf7.o(i.__0vprintf$7) refers to stdout.o(.data) for __stdout
    printf7.o(i.__0vsnprintf$7) refers to printf7.o(i._printf_core) for _printf_core
    printf7.o(i.__0vsnprintf$7) refers to printf7.o(i._snputc) for _snputc
    printf7.o(i.__0vsprintf$7) refers to printf7.o(i._printf_core) for _printf_core
    printf7.o(i.__0vsprintf$7) refers to printf7.o(i._sputc) for _sputc
    printf7.o(i._printf_core) refers to printf7.o(i._printf_pre_padding) for _printf_pre_padding
    printf7.o(i._printf_core) refers to uldiv.o(.text) for __aeabi_uldivmod
    printf7.o(i._printf_core) refers to printf7.o(i._printf_post_padding) for _printf_post_padding
    printf8.o(i.__0fprintf$8) refers to printf8.o(i._printf_core) for _printf_core
    printf8.o(i.__0fprintf$8) refers to printf.o(.text) for fputc
    printf8.o(i.__0printf$8) refers to printf8.o(i._printf_core) for _printf_core
    printf8.o(i.__0printf$8) refers to printf.o(.text) for fputc
    printf8.o(i.__0printf$8) refers to stdout.o(.data) for __stdout
    printf8.o(i.__0snprintf$8) refers to printf8.o(i._printf_core) for _printf_core
    printf8.o(i.__0snprintf$8) refers to printf8.o(i._snputc) for _snputc
    printf8.o(i.__0sprintf$8) refers to printf8.o(i._printf_core) for _printf_core
    printf8.o(i.__0sprintf$8) refers to printf8.o(i._sputc) for _sputc
    printf8.o(i.__0vfprintf$8) refers to printf8.o(i._printf_core) for _printf_core
    printf8.o(i.__0vfprintf$8) refers to printf.o(.text) for fputc
    printf8.o(i.__0vprintf$8) refers to printf8.o(i._printf_core) for _printf_core
    printf8.o(i.__0vprintf$8) refers to printf.o(.text) for fputc
    printf8.o(i.__0vprintf$8) refers to stdout.o(.data) for __stdout
    printf8.o(i.__0vsnprintf$8) refers to printf8.o(i._printf_core) for _printf_core
    printf8.o(i.__0vsnprintf$8) refers to printf8.o(i._snputc) for _snputc
    printf8.o(i.__0vsprintf$8) refers to printf8.o(i._printf_core) for _printf_core
    printf8.o(i.__0vsprintf$8) refers to printf8.o(i._sputc) for _sputc
    printf8.o(i._printf_core) refers to printf8.o(i._printf_pre_padding) for _printf_pre_padding
    printf8.o(i._printf_core) refers to uldiv.o(.text) for __aeabi_uldivmod
    printf8.o(i._printf_core) refers to printf8.o(i._printf_post_padding) for _printf_post_padding
    printfa.o(i.__0fprintf) refers (Special) to iusefp.o(.text) for __I$use$fp
    printfa.o(i.__0fprintf) refers to printfa.o(i._printf_core) for _printf_core
    printfa.o(i.__0fprintf) refers to printf.o(.text) for fputc
    printfa.o(i.__0printf) refers (Special) to iusefp.o(.text) for __I$use$fp
    printfa.o(i.__0printf) refers to printfa.o(i._printf_core) for _printf_core
    printfa.o(i.__0printf) refers to printf.o(.text) for fputc
    printfa.o(i.__0printf) refers to stdout.o(.data) for __stdout
    printfa.o(i.__0snprintf) refers (Special) to iusefp.o(.text) for __I$use$fp
    printfa.o(i.__0snprintf) refers to printfa.o(i._printf_core) for _printf_core
    printfa.o(i.__0snprintf) refers to printfa.o(i._snputc) for _snputc
    printfa.o(i.__0sprintf) refers (Special) to iusefp.o(.text) for __I$use$fp
    printfa.o(i.__0sprintf) refers to printfa.o(i._printf_core) for _printf_core
    printfa.o(i.__0sprintf) refers to printfa.o(i._sputc) for _sputc
    printfa.o(i.__0vfprintf) refers (Special) to iusefp.o(.text) for __I$use$fp
    printfa.o(i.__0vfprintf) refers to printfa.o(i._printf_core) for _printf_core
    printfa.o(i.__0vfprintf) refers to printf.o(.text) for fputc
    printfa.o(i.__0vprintf) refers (Special) to iusefp.o(.text) for __I$use$fp
    printfa.o(i.__0vprintf) refers to printfa.o(i._printf_core) for _printf_core
    printfa.o(i.__0vprintf) refers to printf.o(.text) for fputc
    printfa.o(i.__0vprintf) refers to stdout.o(.data) for __stdout
    printfa.o(i.__0vsnprintf) refers (Special) to iusefp.o(.text) for __I$use$fp
    printfa.o(i.__0vsnprintf) refers to printfa.o(i._printf_core) for _printf_core
    printfa.o(i.__0vsnprintf) refers to printfa.o(i._snputc) for _snputc
    printfa.o(i.__0vsprintf) refers (Special) to iusefp.o(.text) for __I$use$fp
    printfa.o(i.__0vsprintf) refers to printfa.o(i._printf_core) for _printf_core
    printfa.o(i.__0vsprintf) refers to printfa.o(i._sputc) for _sputc
    printfa.o(i._fp_digits) refers (Special) to iusefp.o(.text) for __I$use$fp
    printfa.o(i._fp_digits) refers to dmul.o(.text) for __aeabi_dmul
    printfa.o(i._fp_digits) refers to ddiv.o(.text) for __aeabi_ddiv
    printfa.o(i._fp_digits) refers to cdrcmple.o(.text) for __aeabi_cdrcmple
    printfa.o(i._fp_digits) refers to dadd.o(.text) for __aeabi_dadd
    printfa.o(i._fp_digits) refers to dfixul.o(.text) for __aeabi_d2ulz
    printfa.o(i._fp_digits) refers to uldiv.o(.text) for __aeabi_uldivmod
    printfa.o(i._printf_core) refers (Special) to iusefp.o(.text) for __I$use$fp
    printfa.o(i._printf_core) refers to printfa.o(i._printf_pre_padding) for _printf_pre_padding
    printfa.o(i._printf_core) refers to uldiv.o(.text) for __aeabi_uldivmod
    printfa.o(i._printf_core) refers to printfa.o(i._printf_post_padding) for _printf_post_padding
    printfa.o(i._printf_core) refers to printfa.o(i._fp_digits) for _fp_digits
    printfa.o(i._printf_core) refers to uidiv.o(.text) for __aeabi_uidivmod
    printfa.o(i._printf_post_padding) refers (Special) to iusefp.o(.text) for __I$use$fp
    printfa.o(i._printf_pre_padding) refers (Special) to iusefp.o(.text) for __I$use$fp
    printfa.o(i._snputc) refers (Special) to iusefp.o(.text) for __I$use$fp
    printfa.o(i._sputc) refers (Special) to iusefp.o(.text) for __I$use$fp
    entry2.o(.ARM.Collect$$$$00000001) refers to entry2.o(.ARM.Collect$$$$00002712) for __lit__00000000
    entry2.o(.ARM.Collect$$$$00002712) refers to startup_stm32f10x_md.o(STACK) for __initial_sp
    entry2.o(__vectab_stack_and_reset_area) refers to startup_stm32f10x_md.o(STACK) for __initial_sp
    entry2.o(__vectab_stack_and_reset_area) refers to entry.o(.ARM.Collect$$$$00000000) for __main
    entry5.o(.ARM.Collect$$$$00000004) refers to init.o(.text) for __scatterload
    entry9a.o(.ARM.Collect$$$$0000000B) refers to main.o(.text) for main
    entry9b.o(.ARM.Collect$$$$0000000C) refers to main.o(.text) for main
    uldiv.o(.text) refers to llushr.o(.text) for __aeabi_llsr
    uldiv.o(.text) refers to llshl.o(.text) for __aeabi_llsl
    dadd.o(.text) refers to llshl.o(.text) for __aeabi_llsl
    dadd.o(.text) refers to llsshr.o(.text) for __aeabi_lasr
    dadd.o(.text) refers to depilogue.o(.text) for _double_epilogue
    dmul.o(.text) refers to depilogue.o(.text) for _double_epilogue
    ddiv.o(.text) refers to depilogue.o(.text) for _double_round
    dfixul.o(.text) refers to llushr.o(.text) for __aeabi_llsr
    dfixul.o(.text) refers to llshl.o(.text) for __aeabi_llsl
    init.o(.text) refers to entry5.o(.ARM.Collect$$$$00000004) for __main_after_scatterload
    depilogue.o(.text) refers to llshl.o(.text) for __aeabi_llsl
    depilogue.o(.text) refers to llushr.o(.text) for __aeabi_llsr


==============================================================================

Removing Unused input sections from the image.

    Removing startup_stm32f10x_md.o(HEAP), (512 bytes).
    Removing stm32f10x_flash.o(.text), (1468 bytes).
    Removing stm32f10x_spi.o(.text), (780 bytes).
    Removing core_cm3.o(.emb_text), (32 bytes).
    Removing dadd.o(.text), (334 bytes).
    Removing dmul.o(.text), (228 bytes).
    Removing ddiv.o(.text), (222 bytes).
    Removing dfixul.o(.text), (48 bytes).
    Removing cdrcmple.o(.text), (40 bytes).
    Removing depilogue.o(.text), (190 bytes).

10 unused section(s) (total 3854 bytes) removed from the image.

==============================================================================

Image Symbol Table

    Local Symbols

    Symbol Name                              Value     Ov Type        Size  Object(Section)

    ../clib/../cmprslib/zerorunl2.c          0x00000000   Number         0  __dczerorl2.o ABSOLUTE
    ../clib/microlib/division.c              0x00000000   Number         0  uldiv.o ABSOLUTE
    ../clib/microlib/division.c              0x00000000   Number         0  uidiv.o ABSOLUTE
    ../clib/microlib/init/entry.s            0x00000000   Number         0  entry2.o ABSOLUTE
    ../clib/microlib/init/entry.s            0x00000000   Number         0  entry5.o ABSOLUTE
    ../clib/microlib/init/entry.s            0x00000000   Number         0  entry7a.o ABSOLUTE
    ../clib/microlib/init/entry.s            0x00000000   Number         0  entry11b.o ABSOLUTE
    ../clib/microlib/init/entry.s            0x00000000   Number         0  entry7b.o ABSOLUTE
    ../clib/microlib/init/entry.s            0x00000000   Number         0  entry.o ABSOLUTE
    ../clib/microlib/init/entry.s            0x00000000   Number         0  entry11a.o ABSOLUTE
    ../clib/microlib/init/entry.s            0x00000000   Number         0  entry10b.o ABSOLUTE
    ../clib/microlib/init/entry.s            0x00000000   Number         0  entry10a.o ABSOLUTE
    ../clib/microlib/init/entry.s            0x00000000   Number         0  entry9b.o ABSOLUTE
    ../clib/microlib/init/entry.s            0x00000000   Number         0  entry9a.o ABSOLUTE
    ../clib/microlib/init/entry.s            0x00000000   Number         0  entry8b.o ABSOLUTE
    ../clib/microlib/init/entry.s            0x00000000   Number         0  entry8a.o ABSOLUTE
    ../clib/microlib/longlong.c              0x00000000   Number         0  llsshr.o ABSOLUTE
    ../clib/microlib/longlong.c              0x00000000   Number         0  llushr.o ABSOLUTE
    ../clib/microlib/longlong.c              0x00000000   Number         0  llshl.o ABSOLUTE
    ../clib/microlib/printf/printf.c         0x00000000   Number         0  printf4.o ABSOLUTE
    ../clib/microlib/printf/printf.c         0x00000000   Number         0  printf3.o ABSOLUTE
    ../clib/microlib/printf/printf.c         0x00000000   Number         0  printf2.o ABSOLUTE
    ../clib/microlib/printf/printf.c         0x00000000   Number         0  printf1.o ABSOLUTE
    ../clib/microlib/printf/printf.c         0x00000000   Number         0  printf0.o ABSOLUTE
    ../clib/microlib/printf/printf.c         0x00000000   Number         0  printfb.o ABSOLUTE
    ../clib/microlib/printf/printf.c         0x00000000   Number         0  printf5.o ABSOLUTE
    ../clib/microlib/printf/printf.c         0x00000000   Number         0  printfa.o ABSOLUTE
    ../clib/microlib/printf/printf.c         0x00000000   Number         0  printf8.o ABSOLUTE
    ../clib/microlib/printf/printf.c         0x00000000   Number         0  printf7.o ABSOLUTE
    ../clib/microlib/printf/printf.c         0x00000000   Number         0  printf6.o ABSOLUTE
    ../clib/microlib/printf/stubs.s          0x00000000   Number         0  stubs.o ABSOLUTE
    ../clib/microlib/stdio/streams.c         0x00000000   Number         0  stdout.o ABSOLUTE
    ../clib/microlib/stubs.s                 0x00000000   Number         0  iusefp.o ABSOLUTE
    ../fplib/microlib/fpadd.c                0x00000000   Number         0  dadd.o ABSOLUTE
    ../fplib/microlib/fpdiv.c                0x00000000   Number         0  ddiv.o ABSOLUTE
    ../fplib/microlib/fpepilogue.c           0x00000000   Number         0  depilogue.o ABSOLUTE
    ../fplib/microlib/fpfix.c                0x00000000   Number         0  dfixul.o ABSOLUTE
    ../fplib/microlib/fpmul.c                0x00000000   Number         0  dmul.o ABSOLUTE
    ..\Libraries\CMSIS\CM3\CoreSupport\core_cm3.c 0x00000000   Number         0  core_cm3.o ABSOLUTE
    ..\Libraries\CMSIS\CM3\DeviceSupport\ST\STM32F10x\system_stm32f10x.c 0x00000000   Number         0  system_stm32f10x.o ABSOLUTE
    ..\Libraries\STM32F10x_StdPeriph_Driver\src\misc.c 0x00000000   Number         0  misc.o ABSOLUTE
    ..\Libraries\STM32F10x_StdPeriph_Driver\src\stm32f10x_adc.c 0x00000000   Number         0  stm32f10x_adc.o ABSOLUTE
    ..\Libraries\STM32F10x_StdPeriph_Driver\src\stm32f10x_dma.c 0x00000000   Number         0  stm32f10x_dma.o ABSOLUTE
    ..\Libraries\STM32F10x_StdPeriph_Driver\src\stm32f10x_exti.c 0x00000000   Number         0  stm32f10x_exti.o ABSOLUTE
    ..\Libraries\STM32F10x_StdPeriph_Driver\src\stm32f10x_flash.c 0x00000000   Number         0  stm32f10x_flash.o ABSOLUTE
    ..\Libraries\STM32F10x_StdPeriph_Driver\src\stm32f10x_gpio.c 0x00000000   Number         0  stm32f10x_gpio.o ABSOLUTE
    ..\Libraries\STM32F10x_StdPeriph_Driver\src\stm32f10x_rcc.c 0x00000000   Number         0  stm32f10x_rcc.o ABSOLUTE
    ..\Libraries\STM32F10x_StdPeriph_Driver\src\stm32f10x_spi.c 0x00000000   Number         0  stm32f10x_spi.o ABSOLUTE
    ..\Libraries\STM32F10x_StdPeriph_Driver\src\stm32f10x_tim.c 0x00000000   Number         0  stm32f10x_tim.o ABSOLUTE
    ..\Libraries\STM32F10x_StdPeriph_Driver\src\stm32f10x_usart.c 0x00000000   Number         0  stm32f10x_usart.o ABSOLUTE
    ..\Sys\stm32f10x_it.c                    0x00000000   Number         0  stm32f10x_it.o ABSOLUTE
    ..\User\ADS1299.c                        0x00000000   Number         0  ads1299.o ABSOLUTE
    ..\User\Global.c                         0x00000000   Number         0  global.o ABSOLUTE
    ..\User\Mode.c                           0x00000000   Number         0  mode.o ABSOLUTE
    ..\User\Printf.c                         0x00000000   Number         0  printf.o ABSOLUTE
    ..\User\Queue.c                          0x00000000   Number         0  queue.o ABSOLUTE
    ..\User\User_CoreConfig.c                0x00000000   Number         0  user_coreconfig.o ABSOLUTE
    ..\User\User_Handle.c                    0x00000000   Number         0  user_handle.o ABSOLUTE
    ..\User\delay.c                          0x00000000   Number         0  delay.o ABSOLUTE
    ..\User\main.c                           0x00000000   Number         0  main.o ABSOLUTE
    ..\User\spi.c                            0x00000000   Number         0  spi.o ABSOLUTE
    ..\\Libraries\\CMSIS\\CM3\\CoreSupport\\core_cm3.c 0x00000000   Number         0  core_cm3.o ABSOLUTE
    cdrcmple.s                               0x00000000   Number         0  cdrcmple.o ABSOLUTE
    dc.s                                     0x00000000   Number         0  dc.o ABSOLUTE
    handlers.s                               0x00000000   Number         0  handlers.o ABSOLUTE
    init.s                                   0x00000000   Number         0  init.o ABSOLUTE
    startup_stm32f10x_md.s                   0x00000000   Number         0  startup_stm32f10x_md.o ABSOLUTE
    RESET                                    0x08000000   Section      236  startup_stm32f10x_md.o(RESET)
    .ARM.Collect$$$$00000000                 0x080000ec   Section        0  entry.o(.ARM.Collect$$$$00000000)
    .ARM.Collect$$$$00000001                 0x080000ec   Section        4  entry2.o(.ARM.Collect$$$$00000001)
    .ARM.Collect$$$$00000004                 0x080000f0   Section        4  entry5.o(.ARM.Collect$$$$00000004)
    .ARM.Collect$$$$00000008                 0x080000f4   Section        0  entry7b.o(.ARM.Collect$$$$00000008)
    .ARM.Collect$$$$0000000A                 0x080000f4   Section        0  entry8b.o(.ARM.Collect$$$$0000000A)
    .ARM.Collect$$$$0000000B                 0x080000f4   Section        8  entry9a.o(.ARM.Collect$$$$0000000B)
    .ARM.Collect$$$$0000000D                 0x080000fc   Section        0  entry10a.o(.ARM.Collect$$$$0000000D)
    .ARM.Collect$$$$0000000F                 0x080000fc   Section        0  entry11a.o(.ARM.Collect$$$$0000000F)
    .ARM.Collect$$$$00002712                 0x080000fc   Section        4  entry2.o(.ARM.Collect$$$$00002712)
    __lit__00000000                          0x080000fc   Data           4  entry2.o(.ARM.Collect$$$$00002712)
    .text                                    0x08000100   Section       36  startup_stm32f10x_md.o(.text)
    .text                                    0x08000124   Section        0  global.o(.text)
    .text                                    0x080001ac   Section        0  main.o(.text)
    .text                                    0x0800044c   Section        0  stm32f10x_it.o(.text)
    .text                                    0x080006a8   Section        0  printf.o(.text)
    .text                                    0x080006f4   Section        0  user_coreconfig.o(.text)
    .text                                    0x08000d50   Section        0  user_handle.o(.text)
    .text                                    0x08001ba0   Section        0  ads1299.o(.text)
    .text                                    0x08002050   Section        0  spi.o(.text)
    .text                                    0x08002204   Section        0  delay.o(.text)
    .text                                    0x080022b0   Section        0  queue.o(.text)
    .text                                    0x0800232c   Section        0  misc.o(.text)
    .text                                    0x08002408   Section        0  stm32f10x_adc.o(.text)
    .text                                    0x08002858   Section        0  stm32f10x_dma.o(.text)
    .text                                    0x08002aa8   Section        0  stm32f10x_exti.o(.text)
    .text                                    0x08002bc4   Section        0  stm32f10x_gpio.o(.text)
    .text                                    0x08002f1c   Section        0  stm32f10x_rcc.o(.text)
    .text                                    0x080032c0   Section        0  stm32f10x_tim.o(.text)
    TI4_Config                               0x08003767   Thumb Code   130  stm32f10x_tim.o(.text)
    TI3_Config                               0x080037fb   Thumb Code   122  stm32f10x_tim.o(.text)
    TI2_Config                               0x0800388f   Thumb Code   130  stm32f10x_tim.o(.text)
    TI1_Config                               0x08003923   Thumb Code   108  stm32f10x_tim.o(.text)
    .text                                    0x080040dc   Section        0  stm32f10x_usart.o(.text)
    .text                                    0x080044e4   Section        0  system_stm32f10x.o(.text)
    SetSysClockTo72                          0x080044e5   Thumb Code   214  system_stm32f10x.o(.text)
    SetSysClock                              0x080045bb   Thumb Code     8  system_stm32f10x.o(.text)
    .text                                    0x080046c4   Section        0  uldiv.o(.text)
    .text                                    0x08004728   Section       36  init.o(.text)
    .text                                    0x0800474c   Section        0  llshl.o(.text)
    .text                                    0x0800476a   Section        0  llushr.o(.text)
    .text                                    0x0800478a   Section        0  __dczerorl2.o(.text)
    i.__0printf$5                            0x080047e8   Section        0  printf5.o(i.__0printf$5)
    i.__scatterload_copy                     0x08004808   Section       14  handlers.o(i.__scatterload_copy)
    i.__scatterload_null                     0x08004816   Section        2  handlers.o(i.__scatterload_null)
    i.__scatterload_zeroinit                 0x08004818   Section       14  handlers.o(i.__scatterload_zeroinit)
    i._printf_core                           0x08004828   Section        0  printf5.o(i._printf_core)
    _printf_core                             0x08004829   Thumb Code   658  printf5.o(i._printf_core)
    .data                                    0x20000000   Section     1105  global.o(.data)
    .data                                    0x20000451   Section        1  main.o(.data)
    ucCount                                  0x20000451   Data           1  main.o(.data)
    .data                                    0x20000452   Section        6  stm32f10x_it.o(.data)
    ucIdx                                    0x20000452   Data           1  stm32f10x_it.o(.data)
    ucLength                                 0x20000454   Data           2  stm32f10x_it.o(.data)
    ucCount                                  0x20000456   Data           2  stm32f10x_it.o(.data)
    .data                                    0x20000458   Section        8  user_coreconfig.o(.data)
    .data                                    0x20000460   Section        6  user_handle.o(.data)
    KeyId                                    0x20000460   Data           1  user_handle.o(.data)
    ucAD1KeyId                               0x20000461   Data           1  user_handle.o(.data)
    ucAD1KeyScanState                        0x20000462   Data           1  user_handle.o(.data)
    cntAD1Scan                               0x20000463   Data           1  user_handle.o(.data)
    flgAD1Scan                               0x20000464   Data           1  user_handle.o(.data)
    i                                        0x20000465   Data           1  user_handle.o(.data)
    .data                                    0x20000466   Section        4  delay.o(.data)
    fac_us                                   0x20000466   Data           1  delay.o(.data)
    fac_ms                                   0x20000468   Data           2  delay.o(.data)
    .data                                    0x2000046a   Section        6  queue.o(.data)
    .data                                    0x20000470   Section       20  stm32f10x_rcc.o(.data)
    APBAHBPrescTable                         0x20000470   Data          16  stm32f10x_rcc.o(.data)
    ADCPrescTable                            0x20000480   Data           4  stm32f10x_rcc.o(.data)
    .data                                    0x20000484   Section       20  system_stm32f10x.o(.data)
    .data                                    0x20000498   Section        4  stdout.o(.data)
    .bss                                     0x2000049c   Section     6015  global.o(.bss)
    .bss                                     0x20001c1b   Section     4096  queue.o(.bss)
    STACK                                    0x20002c20   Section     1024  startup_stm32f10x_md.o(STACK)

    Global Symbols

    Symbol Name                              Value     Ov Type        Size  Object(Section)

    BuildAttributes$$THM_ISAv4$P$D$K$B$S$PE$A:L22UL41UL21$X:L11$S22US41US21$IEEE1$IW$USESV6$~STKCKD$USESV7$~SHL$OSPACE$ROPI$EBA8$MICROLIB$REQ8$PRES8$EABIv2 0x00000000   Number         0  anon$$obj.o ABSOLUTE
    __ARM_use_no_argv                        0x00000000   Number         0  main.o ABSOLUTE
    _printf_a                                0x00000000   Number         0  stubs.o ABSOLUTE
    _printf_c                                0x00000000   Number         0  stubs.o ABSOLUTE
    _printf_charcount                        0x00000000   Number         0  stubs.o ABSOLUTE
    _printf_d                                0x00000000   Number         0  stubs.o ABSOLUTE
    _printf_e                                0x00000000   Number         0  stubs.o ABSOLUTE
    _printf_f                                0x00000000   Number         0  stubs.o ABSOLUTE
    _printf_flags                            0x00000000   Number         0  stubs.o ABSOLUTE
    _printf_fp_dec                           0x00000000   Number         0  stubs.o ABSOLUTE
    _printf_fp_hex                           0x00000000   Number         0  stubs.o ABSOLUTE
    _printf_g                                0x00000000   Number         0  stubs.o ABSOLUTE
    _printf_i                                0x00000000   Number         0  stubs.o ABSOLUTE
    _printf_int_dec                          0x00000000   Number         0  stubs.o ABSOLUTE
    _printf_l                                0x00000000   Number         0  stubs.o ABSOLUTE
    _printf_lc                               0x00000000   Number         0  stubs.o ABSOLUTE
    _printf_ll                               0x00000000   Number         0  stubs.o ABSOLUTE
    _printf_lld                              0x00000000   Number         0  stubs.o ABSOLUTE
    _printf_lli                              0x00000000   Number         0  stubs.o ABSOLUTE
    _printf_llo                              0x00000000   Number         0  stubs.o ABSOLUTE
    _printf_llu                              0x00000000   Number         0  stubs.o ABSOLUTE
    _printf_llx                              0x00000000   Number         0  stubs.o ABSOLUTE
    _printf_longlong_dec                     0x00000000   Number         0  stubs.o ABSOLUTE
    _printf_longlong_hex                     0x00000000   Number         0  stubs.o ABSOLUTE
    _printf_longlong_oct                     0x00000000   Number         0  stubs.o ABSOLUTE
    _printf_ls                               0x00000000   Number         0  stubs.o ABSOLUTE
    _printf_mbtowc                           0x00000000   Number         0  stubs.o ABSOLUTE
    _printf_n                                0x00000000   Number         0  stubs.o ABSOLUTE
    _printf_o                                0x00000000   Number         0  stubs.o ABSOLUTE
    _printf_p                                0x00000000   Number         0  stubs.o ABSOLUTE
    _printf_percent                          0x00000000   Number         0  stubs.o ABSOLUTE
    _printf_pre_padding                      0x00000000   Number         0  stubs.o ABSOLUTE
    _printf_return_value                     0x00000000   Number         0  stubs.o ABSOLUTE
    _printf_s                                0x00000000   Number         0  stubs.o ABSOLUTE
    _printf_sizespec                         0x00000000   Number         0  stubs.o ABSOLUTE
    _printf_str                              0x00000000   Number         0  stubs.o ABSOLUTE
    _printf_truncate_signed                  0x00000000   Number         0  stubs.o ABSOLUTE
    _printf_truncate_unsigned                0x00000000   Number         0  stubs.o ABSOLUTE
    _printf_u                                0x00000000   Number         0  stubs.o ABSOLUTE
    _printf_wc                               0x00000000   Number         0  stubs.o ABSOLUTE
    _printf_wctomb                           0x00000000   Number         0  stubs.o ABSOLUTE
    _printf_widthprec                        0x00000000   Number         0  stubs.o ABSOLUTE
    _printf_x                                0x00000000   Number         0  stubs.o ABSOLUTE
    __cpp_initialize__aeabi_                  - Undefined Weak Reference
    __cxa_finalize                            - Undefined Weak Reference
    _clock_init                               - Undefined Weak Reference
    _microlib_exit                            - Undefined Weak Reference
    __Vectors_Size                           0x000000ec   Number         0  startup_stm32f10x_md.o ABSOLUTE
    __Vectors                                0x08000000   Data           4  startup_stm32f10x_md.o(RESET)
    __Vectors_End                            0x080000ec   Data           0  startup_stm32f10x_md.o(RESET)
    __main                                   0x080000ed   Thumb Code     0  entry.o(.ARM.Collect$$$$00000000)
    _main_stk                                0x080000ed   Thumb Code     0  entry2.o(.ARM.Collect$$$$00000001)
    _main_scatterload                        0x080000f1   Thumb Code     0  entry5.o(.ARM.Collect$$$$00000004)
    __main_after_scatterload                 0x080000f5   Thumb Code     0  entry5.o(.ARM.Collect$$$$00000004)
    _main_clock                              0x080000f5   Thumb Code     0  entry7b.o(.ARM.Collect$$$$00000008)
    _main_cpp_init                           0x080000f5   Thumb Code     0  entry8b.o(.ARM.Collect$$$$0000000A)
    _main_init                               0x080000f5   Thumb Code     0  entry9a.o(.ARM.Collect$$$$0000000B)
    __rt_final_cpp                           0x080000fd   Thumb Code     0  entry10a.o(.ARM.Collect$$$$0000000D)
    __rt_final_exit                          0x080000fd   Thumb Code     0  entry11a.o(.ARM.Collect$$$$0000000F)
    Reset_Handler                            0x08000101   Thumb Code     8  startup_stm32f10x_md.o(.text)
    ADC1_2_IRQHandler                        0x0800011b   Thumb Code     0  startup_stm32f10x_md.o(.text)
    CAN1_RX1_IRQHandler                      0x0800011b   Thumb Code     0  startup_stm32f10x_md.o(.text)
    CAN1_SCE_IRQHandler                      0x0800011b   Thumb Code     0  startup_stm32f10x_md.o(.text)
    DMA1_Channel2_IRQHandler                 0x0800011b   Thumb Code     0  startup_stm32f10x_md.o(.text)
    DMA1_Channel3_IRQHandler                 0x0800011b   Thumb Code     0  startup_stm32f10x_md.o(.text)
    DMA1_Channel4_IRQHandler                 0x0800011b   Thumb Code     0  startup_stm32f10x_md.o(.text)
    DMA1_Channel5_IRQHandler                 0x0800011b   Thumb Code     0  startup_stm32f10x_md.o(.text)
    DMA1_Channel6_IRQHandler                 0x0800011b   Thumb Code     0  startup_stm32f10x_md.o(.text)
    DMA1_Channel7_IRQHandler                 0x0800011b   Thumb Code     0  startup_stm32f10x_md.o(.text)
    EXTI0_IRQHandler                         0x0800011b   Thumb Code     0  startup_stm32f10x_md.o(.text)
    EXTI15_10_IRQHandler                     0x0800011b   Thumb Code     0  startup_stm32f10x_md.o(.text)
    EXTI1_IRQHandler                         0x0800011b   Thumb Code     0  startup_stm32f10x_md.o(.text)
    EXTI2_IRQHandler                         0x0800011b   Thumb Code     0  startup_stm32f10x_md.o(.text)
    EXTI3_IRQHandler                         0x0800011b   Thumb Code     0  startup_stm32f10x_md.o(.text)
    EXTI4_IRQHandler                         0x0800011b   Thumb Code     0  startup_stm32f10x_md.o(.text)
    FLASH_IRQHandler                         0x0800011b   Thumb Code     0  startup_stm32f10x_md.o(.text)
    I2C1_ER_IRQHandler                       0x0800011b   Thumb Code     0  startup_stm32f10x_md.o(.text)
    I2C1_EV_IRQHandler                       0x0800011b   Thumb Code     0  startup_stm32f10x_md.o(.text)
    I2C2_ER_IRQHandler                       0x0800011b   Thumb Code     0  startup_stm32f10x_md.o(.text)
    I2C2_EV_IRQHandler                       0x0800011b   Thumb Code     0  startup_stm32f10x_md.o(.text)
    PVD_IRQHandler                           0x0800011b   Thumb Code     0  startup_stm32f10x_md.o(.text)
    RCC_IRQHandler                           0x0800011b   Thumb Code     0  startup_stm32f10x_md.o(.text)
    RTCAlarm_IRQHandler                      0x0800011b   Thumb Code     0  startup_stm32f10x_md.o(.text)
    RTC_IRQHandler                           0x0800011b   Thumb Code     0  startup_stm32f10x_md.o(.text)
    SPI1_IRQHandler                          0x0800011b   Thumb Code     0  startup_stm32f10x_md.o(.text)
    SPI2_IRQHandler                          0x0800011b   Thumb Code     0  startup_stm32f10x_md.o(.text)
    TAMPER_IRQHandler                        0x0800011b   Thumb Code     0  startup_stm32f10x_md.o(.text)
    TIM1_BRK_IRQHandler                      0x0800011b   Thumb Code     0  startup_stm32f10x_md.o(.text)
    TIM1_CC_IRQHandler                       0x0800011b   Thumb Code     0  startup_stm32f10x_md.o(.text)
    TIM1_TRG_COM_IRQHandler                  0x0800011b   Thumb Code     0  startup_stm32f10x_md.o(.text)
    TIM2_IRQHandler                          0x0800011b   Thumb Code     0  startup_stm32f10x_md.o(.text)
    USART3_IRQHandler                        0x0800011b   Thumb Code     0  startup_stm32f10x_md.o(.text)
    USBWakeUp_IRQHandler                     0x0800011b   Thumb Code     0  startup_stm32f10x_md.o(.text)
    USB_HP_CAN1_TX_IRQHandler                0x0800011b   Thumb Code     0  startup_stm32f10x_md.o(.text)
    USB_LP_CAN1_RX0_IRQHandler               0x0800011b   Thumb Code     0  startup_stm32f10x_md.o(.text)
    WWDG_IRQHandler                          0x0800011b   Thumb Code     0  startup_stm32f10x_md.o(.text)
    GetSysClkFlg                             0x08000125   Thumb Code    24  global.o(.text)
    GetBtm_state                             0x0800013d   Thumb Code    16  global.o(.text)
    SetBtm_state                             0x0800014d   Thumb Code    18  global.o(.text)
    GetChangeNameTimeout                     0x0800015f   Thumb Code     6  global.o(.text)
    SetChangeNameTimeout                     0x08000165   Thumb Code     6  global.o(.text)
    GetSendAppDataFlg                        0x0800016b   Thumb Code     6  global.o(.text)
    SetSendAppDataFlg                        0x08000171   Thumb Code     6  global.o(.text)
    delayUS                                  0x08000177   Thumb Code    22  global.o(.text)
    GetSendPackageTimeout                    0x0800018d   Thumb Code     6  global.o(.text)
    SetSendPackageTimeout                    0x08000193   Thumb Code     6  global.o(.text)
    InitSystem                               0x080001ad   Thumb Code   120  main.o(.text)
    InitGlobal                               0x08000225   Thumb Code     2  main.o(.text)
    Task_RealTime                            0x08000227   Thumb Code    12  main.o(.text)
    Task_5ms                                 0x08000233   Thumb Code     8  main.o(.text)
    Task_10ms                                0x0800023b   Thumb Code    52  main.o(.text)
    Task_100ms                               0x0800026f   Thumb Code    32  main.o(.text)
    Task_500ms                               0x0800028f   Thumb Code     2  main.o(.text)
    Task_1s                                  0x08000291   Thumb Code   196  main.o(.text)
    main                                     0x08000355   Thumb Code   116  main.o(.text)
    NMI_Handler                              0x0800044d   Thumb Code     2  stm32f10x_it.o(.text)
    HardFault_Handler                        0x0800044f   Thumb Code     4  stm32f10x_it.o(.text)
    MemManage_Handler                        0x08000453   Thumb Code     4  stm32f10x_it.o(.text)
    BusFault_Handler                         0x08000457   Thumb Code     4  stm32f10x_it.o(.text)
    UsageFault_Handler                       0x0800045b   Thumb Code     4  stm32f10x_it.o(.text)
    SVC_Handler                              0x0800045f   Thumb Code     2  stm32f10x_it.o(.text)
    DebugMon_Handler                         0x08000461   Thumb Code     2  stm32f10x_it.o(.text)
    PendSV_Handler                           0x08000463   Thumb Code     2  stm32f10x_it.o(.text)
    SysTick_Handler                          0x08000465   Thumb Code     2  stm32f10x_it.o(.text)
    USART1_IRQHandler                        0x08000467   Thumb Code   220  stm32f10x_it.o(.text)
    USART2_IRQHandler                        0x08000543   Thumb Code    18  stm32f10x_it.o(.text)
    TIM3_IRQHandler                          0x08000555   Thumb Code   136  stm32f10x_it.o(.text)
    TIM4_IRQHandler                          0x080005dd   Thumb Code     2  stm32f10x_it.o(.text)
    TIM1_UP_IRQHandler                       0x080005df   Thumb Code    22  stm32f10x_it.o(.text)
    DMA1_Channel1_IRQHandler                 0x080005f5   Thumb Code     2  stm32f10x_it.o(.text)
    EXTI9_5_IRQHandler                       0x080005f7   Thumb Code   102  stm32f10x_it.o(.text)
    fputc                                    0x080006a9   Thumb Code    32  printf.o(.text)
    Puts                                     0x080006c9   Thumb Code    40  printf.o(.text)
    RCC_Config                               0x080006f5   Thumb Code   116  user_coreconfig.o(.text)
    NVIC_Config                              0x08000769   Thumb Code    14  user_coreconfig.o(.text)
    USART1_GPIO_Config                       0x08000777   Thumb Code    54  user_coreconfig.o(.text)
    USART1_Config                            0x080007ad   Thumb Code    96  user_coreconfig.o(.text)
    USART2_GPIO_Configuration                0x0800080d   Thumb Code    50  user_coreconfig.o(.text)
    USART2_Config                            0x0800083f   Thumb Code    96  user_coreconfig.o(.text)
    Timerx_Init                              0x0800089f   Thumb Code   100  user_coreconfig.o(.text)
    Timer1_Init                              0x08000903   Thumb Code   106  user_coreconfig.o(.text)
    InitDMAForADC                            0x0800096d   Thumb Code    74  user_coreconfig.o(.text)
    ADC_Config                               0x080009b7   Thumb Code   182  user_coreconfig.o(.text)
    LED_GPIO_Config                          0x08000a6d   Thumb Code    42  user_coreconfig.o(.text)
    Bluetooth_Ctrl_Config                    0x08000a97   Thumb Code    56  user_coreconfig.o(.text)
    Bluetooth_RST                            0x08000acf   Thumb Code    26  user_coreconfig.o(.text)
    Bluetooth_PowerON                        0x08000ae9   Thumb Code    34  user_coreconfig.o(.text)
    SPIx_Init                                0x08000b0b   Thumb Code   146  user_coreconfig.o(.text)
    SPI_WriteByte                            0x08000b9d   Thumb Code    30  user_coreconfig.o(.text)
    SPIx_ReadWriteByte                       0x08000bbb   Thumb Code    78  user_coreconfig.o(.text)
    ADS1298_GPIO_init                        0x08000c09   Thumb Code   134  user_coreconfig.o(.text)
    init_ADS1x9x_Data_Ready_Interrupt        0x08000c8f   Thumb Code    96  user_coreconfig.o(.text)
    enable_ADS1x9x_Interrupt                 0x08000cef   Thumb Code    26  user_coreconfig.o(.text)
    disable_ADS1x9x_Interrupt                0x08000d09   Thumb Code    18  user_coreconfig.o(.text)
    set_ADS1x9x_Start_Pin                    0x08000d1b   Thumb Code    30  user_coreconfig.o(.text)
    Turn_On_LED                              0x08000d51   Thumb Code    80  user_handle.o(.text)
    MD_AACB_KeyBoardScan                     0x08000da1   Thumb Code   278  user_handle.o(.text)
    KeyScan                                  0x08000eb7   Thumb Code    34  user_handle.o(.text)
    ClearArray                               0x08000ed9   Thumb Code    22  user_handle.o(.text)
    CheckSum                                 0x08000eef   Thumb Code    36  user_handle.o(.text)
    SendMSG                                  0x08000f13   Thumb Code    46  user_handle.o(.text)
    SubArray                                 0x08000f41   Thumb Code    28  user_handle.o(.text)
    SendMSGQueue                             0x08000f5d   Thumb Code     2  user_handle.o(.text)
    InitPackageHeader                        0x08000f5f   Thumb Code    24  user_handle.o(.text)
    SendPackageProcess                       0x08000f77   Thumb Code   450  user_handle.o(.text)
    SendPackage                              0x08001139   Thumb Code   396  user_handle.o(.text)
    SendMSGHandle                            0x080012c5   Thumb Code   238  user_handle.o(.text)
    enQueue                                  0x080013b3   Thumb Code   316  user_handle.o(.text)
    OutQueue                                 0x080014ef   Thumb Code   230  user_handle.o(.text)
    Btm_stateMsgProcess                      0x080015d5   Thumb Code   642  user_handle.o(.text)
    BTMCMDHandler                            0x08001857   Thumb Code   134  user_handle.o(.text)
    MusicProcess                             0x080018dd   Thumb Code    88  user_handle.o(.text)
    KeyProcess                               0x08001935   Thumb Code   214  user_handle.o(.text)
    Lead_off                                 0x08001a0b   Thumb Code    32  user_handle.o(.text)
    ADS1299Process                           0x08001a2b   Thumb Code   170  user_handle.o(.text)
    init_ADS1x9x_IO                          0x08001ba1   Thumb Code    46  ads1299.o(.text)
    POR_Reset_ADS1x9x                        0x08001bcf   Thumb Code    74  ads1299.o(.text)
    Power_Down_ADS1x9x                       0x08001c19   Thumb Code    22  ads1299.o(.text)
    Power_Up_ADS1x9x                         0x08001c2f   Thumb Code    22  ads1299.o(.text)
    Set_ADS1x9x_Chip_Enable                  0x08001c45   Thumb Code    14  ads1299.o(.text)
    Clear_ADS1x9x_Chip_Enable                0x08001c53   Thumb Code    14  ads1299.o(.text)
    ADS1x9x_SPI_Data                         0x08001c61   Thumb Code    84  ads1299.o(.text)
    Soft_Start_ReStart_ADS1x9x               0x08001cb5   Thumb Code    52  ads1299.o(.text)
    Soft_Reset_ADS1x9x                       0x08001ce9   Thumb Code    44  ads1299.o(.text)
    Start_Read_Data_Continuous               0x08001d15   Thumb Code    44  ads1299.o(.text)
    Stop_Read_Data_Continuous                0x08001d41   Thumb Code    44  ads1299.o(.text)
    ADS1x9x_SPI_Address_Byte_Count           0x08001d6d   Thumb Code   130  ads1299.o(.text)
    ADS1x9x_Read_Version                     0x08001def   Thumb Code    60  ads1299.o(.text)
    init_ADS1x9x                             0x08001e2b   Thumb Code   152  ads1299.o(.text)
    enable_ADS1x9x_Conversion                0x08001ec3   Thumb Code    36  ads1299.o(.text)
    ADS1x9x_SPI_Burst                        0x08001ee7   Thumb Code    54  ads1299.o(.text)
    Soft_Stop_ADS1x9x                        0x08001f1d   Thumb Code    46  ads1299.o(.text)
    USR_SPI_StructInit                       0x08002051   Thumb Code    38  spi.o(.text)
    USR_SPI_Init                             0x08002077   Thumb Code    60  spi.o(.text)
    USR_SPI_Cmd                              0x080020b3   Thumb Code    24  spi.o(.text)
    USR_SPI_ITConfig                         0x080020cb   Thumb Code    32  spi.o(.text)
    USR_SPI_DMACmd                           0x080020eb   Thumb Code    18  spi.o(.text)
    USR_SPI_SendData                         0x080020fd   Thumb Code     4  spi.o(.text)
    USR_SPI_ReceiveData                      0x08002101   Thumb Code     6  spi.o(.text)
    USR_SPI_NSSInternalSoftwareConfig        0x08002107   Thumb Code    30  spi.o(.text)
    USR_SPI_SSOutputCmd                      0x08002125   Thumb Code    24  spi.o(.text)
    USR_SPI_DataSizeConfig                   0x0800213d   Thumb Code    18  spi.o(.text)
    USR_SPI_TransmitCRC                      0x0800214f   Thumb Code    10  spi.o(.text)
    USR_SPI_CalculateCRC                     0x08002159   Thumb Code    24  spi.o(.text)
    USR_SPI_GetCRC                           0x08002171   Thumb Code    16  spi.o(.text)
    USR_SPI_GetCRCPolynomial                 0x08002181   Thumb Code     6  spi.o(.text)
    USR_SPI_BiDirectionalLineConfig          0x08002187   Thumb Code    28  spi.o(.text)
    USR_SPI_GetFlagStatus                    0x080021a3   Thumb Code    18  spi.o(.text)
    USR_SPI_ClearFlag                        0x080021b5   Thumb Code     6  spi.o(.text)
    USR_SPI_GetITStatus                      0x080021bb   Thumb Code    52  spi.o(.text)
    USR_SPI_ClearITPendingBit                0x080021ef   Thumb Code    20  spi.o(.text)
    Delay_init                               0x08002205   Thumb Code    56  delay.o(.text)
    Delay_1ms                                0x0800223d   Thumb Code    54  delay.o(.text)
    Delay_1us                                0x08002273   Thumb Code    54  delay.o(.text)
    Push_Enqueue                             0x080022b1   Thumb Code    44  queue.o(.text)
    PopDequeue                               0x080022dd   Thumb Code    38  queue.o(.text)
    is_empty                                 0x08002303   Thumb Code    26  queue.o(.text)
    NVIC_PriorityGroupConfig                 0x0800232d   Thumb Code    10  misc.o(.text)
    NVIC_Init                                0x08002337   Thumb Code   102  misc.o(.text)
    NVIC_SetVectorTable                      0x0800239d   Thumb Code    14  misc.o(.text)
    NVIC_SystemLPConfig                      0x080023ab   Thumb Code    34  misc.o(.text)
    SysTick_CLKSourceConfig                  0x080023cd   Thumb Code    40  misc.o(.text)
    ADC_DeInit                               0x08002409   Thumb Code    78  stm32f10x_adc.o(.text)
    ADC_Init                                 0x08002457   Thumb Code    70  stm32f10x_adc.o(.text)
    ADC_StructInit                           0x0800249d   Thumb Code    18  stm32f10x_adc.o(.text)
    ADC_Cmd                                  0x080024af   Thumb Code    22  stm32f10x_adc.o(.text)
    ADC_DMACmd                               0x080024c5   Thumb Code    22  stm32f10x_adc.o(.text)
    ADC_ITConfig                             0x080024db   Thumb Code    24  stm32f10x_adc.o(.text)
    ADC_ResetCalibration                     0x080024f3   Thumb Code    10  stm32f10x_adc.o(.text)
    ADC_GetResetCalibrationStatus            0x080024fd   Thumb Code    20  stm32f10x_adc.o(.text)
    ADC_StartCalibration                     0x08002511   Thumb Code    10  stm32f10x_adc.o(.text)
    ADC_GetCalibrationStatus                 0x0800251b   Thumb Code    20  stm32f10x_adc.o(.text)
    ADC_SoftwareStartConvCmd                 0x0800252f   Thumb Code    22  stm32f10x_adc.o(.text)
    ADC_GetSoftwareStartConvStatus           0x08002545   Thumb Code    20  stm32f10x_adc.o(.text)
    ADC_DiscModeChannelCountConfig           0x08002559   Thumb Code    24  stm32f10x_adc.o(.text)
    ADC_DiscModeCmd                          0x08002571   Thumb Code    22  stm32f10x_adc.o(.text)
    ADC_RegularChannelConfig                 0x08002587   Thumb Code   184  stm32f10x_adc.o(.text)
    ADC_ExternalTrigConvCmd                  0x0800263f   Thumb Code    22  stm32f10x_adc.o(.text)
    ADC_GetConversionValue                   0x08002655   Thumb Code     8  stm32f10x_adc.o(.text)
    ADC_GetDualModeConversionValue           0x0800265d   Thumb Code     8  stm32f10x_adc.o(.text)
    ADC_AutoInjectedConvCmd                  0x08002665   Thumb Code    22  stm32f10x_adc.o(.text)
    ADC_InjectedDiscModeCmd                  0x0800267b   Thumb Code    22  stm32f10x_adc.o(.text)
    ADC_ExternalTrigInjectedConvConfig       0x08002691   Thumb Code    16  stm32f10x_adc.o(.text)
    ADC_ExternalTrigInjectedConvCmd          0x080026a1   Thumb Code    22  stm32f10x_adc.o(.text)
    ADC_SoftwareStartInjectedConvCmd         0x080026b7   Thumb Code    22  stm32f10x_adc.o(.text)
    ADC_GetSoftwareStartInjectedConvCmdStatus 0x080026cd   Thumb Code    20  stm32f10x_adc.o(.text)
    ADC_InjectedChannelConfig                0x080026e1   Thumb Code   130  stm32f10x_adc.o(.text)
    ADC_InjectedSequencerLengthConfig        0x08002763   Thumb Code    24  stm32f10x_adc.o(.text)
    ADC_SetInjectedOffset                    0x0800277b   Thumb Code    20  stm32f10x_adc.o(.text)
    ADC_GetInjectedConversionValue           0x0800278f   Thumb Code    28  stm32f10x_adc.o(.text)
    ADC_AnalogWatchdogCmd                    0x080027ab   Thumb Code    16  stm32f10x_adc.o(.text)
    ADC_AnalogWatchdogThresholdsConfig       0x080027bb   Thumb Code     6  stm32f10x_adc.o(.text)
    ADC_AnalogWatchdogSingleChannelConfig    0x080027c1   Thumb Code    16  stm32f10x_adc.o(.text)
    ADC_TempSensorVrefintCmd                 0x080027d1   Thumb Code    64  stm32f10x_adc.o(.text)
    ADC_GetFlagStatus                        0x08002811   Thumb Code    18  stm32f10x_adc.o(.text)
    ADC_ClearFlag                            0x08002823   Thumb Code     6  stm32f10x_adc.o(.text)
    ADC_GetITStatus                          0x08002829   Thumb Code    36  stm32f10x_adc.o(.text)
    ADC_ClearITPendingBit                    0x0800284d   Thumb Code    10  stm32f10x_adc.o(.text)
    DMA_DeInit                               0x08002859   Thumb Code   324  stm32f10x_dma.o(.text)
    DMA_Init                                 0x0800299d   Thumb Code    60  stm32f10x_dma.o(.text)
    DMA_StructInit                           0x080029d9   Thumb Code    26  stm32f10x_dma.o(.text)
    DMA_Cmd                                  0x080029f3   Thumb Code    24  stm32f10x_dma.o(.text)
    DMA_ITConfig                             0x08002a0b   Thumb Code    18  stm32f10x_dma.o(.text)
    DMA_SetCurrDataCounter                   0x08002a1d   Thumb Code     4  stm32f10x_dma.o(.text)
    DMA_GetCurrDataCounter                   0x08002a21   Thumb Code     8  stm32f10x_dma.o(.text)
    DMA_GetFlagStatus                        0x08002a29   Thumb Code    38  stm32f10x_dma.o(.text)
    DMA_ClearFlag                            0x08002a4f   Thumb Code    22  stm32f10x_dma.o(.text)
    DMA_GetITStatus                          0x08002a65   Thumb Code    38  stm32f10x_dma.o(.text)
    DMA_ClearITPendingBit                    0x08002a8b   Thumb Code    22  stm32f10x_dma.o(.text)
    EXTI_DeInit                              0x08002aa9   Thumb Code    28  stm32f10x_exti.o(.text)
    EXTI_Init                                0x08002ac5   Thumb Code   142  stm32f10x_exti.o(.text)
    EXTI_StructInit                          0x08002b53   Thumb Code    16  stm32f10x_exti.o(.text)
    EXTI_GenerateSWInterrupt                 0x08002b63   Thumb Code    16  stm32f10x_exti.o(.text)
    EXTI_GetFlagStatus                       0x08002b73   Thumb Code    22  stm32f10x_exti.o(.text)
    EXTI_ClearFlag                           0x08002b89   Thumb Code     8  stm32f10x_exti.o(.text)
    EXTI_GetITStatus                         0x08002b91   Thumb Code    34  stm32f10x_exti.o(.text)
    EXTI_ClearITPendingBit                   0x08002bb3   Thumb Code     8  stm32f10x_exti.o(.text)
    GPIO_DeInit                              0x08002bc5   Thumb Code   172  stm32f10x_gpio.o(.text)
    GPIO_AFIODeInit                          0x08002c71   Thumb Code    20  stm32f10x_gpio.o(.text)
    GPIO_Init                                0x08002c85   Thumb Code   274  stm32f10x_gpio.o(.text)
    GPIO_StructInit                          0x08002d97   Thumb Code    16  stm32f10x_gpio.o(.text)
    GPIO_ReadInputDataBit                    0x08002da7   Thumb Code    18  stm32f10x_gpio.o(.text)
    GPIO_ReadInputData                       0x08002db9   Thumb Code     8  stm32f10x_gpio.o(.text)
    GPIO_ReadOutputDataBit                   0x08002dc1   Thumb Code    18  stm32f10x_gpio.o(.text)
    GPIO_ReadOutputData                      0x08002dd3   Thumb Code     8  stm32f10x_gpio.o(.text)
    GPIO_SetBits                             0x08002ddb   Thumb Code     4  stm32f10x_gpio.o(.text)
    GPIO_ResetBits                           0x08002ddf   Thumb Code     4  stm32f10x_gpio.o(.text)
    GPIO_WriteBit                            0x08002de3   Thumb Code    10  stm32f10x_gpio.o(.text)
    GPIO_Write                               0x08002ded   Thumb Code     4  stm32f10x_gpio.o(.text)
    GPIO_PinLockConfig                       0x08002df1   Thumb Code    18  stm32f10x_gpio.o(.text)
    GPIO_EventOutputConfig                   0x08002e03   Thumb Code    26  stm32f10x_gpio.o(.text)
    GPIO_EventOutputCmd                      0x08002e1d   Thumb Code     6  stm32f10x_gpio.o(.text)
    GPIO_PinRemapConfig                      0x08002e23   Thumb Code   138  stm32f10x_gpio.o(.text)
    GPIO_EXTILineConfig                      0x08002ead   Thumb Code    66  stm32f10x_gpio.o(.text)
    GPIO_ETH_MediaInterfaceConfig            0x08002eef   Thumb Code     6  stm32f10x_gpio.o(.text)
    RCC_DeInit                               0x08002f1d   Thumb Code    64  stm32f10x_rcc.o(.text)
    RCC_HSEConfig                            0x08002f5d   Thumb Code    70  stm32f10x_rcc.o(.text)
    RCC_GetFlagStatus                        0x08002fa3   Thumb Code    56  stm32f10x_rcc.o(.text)
    RCC_WaitForHSEStartUp                    0x08002fdb   Thumb Code    56  stm32f10x_rcc.o(.text)
    RCC_AdjustHSICalibrationValue            0x08003013   Thumb Code    20  stm32f10x_rcc.o(.text)
    RCC_HSICmd                               0x08003027   Thumb Code     6  stm32f10x_rcc.o(.text)
    RCC_PLLConfig                            0x0800302d   Thumb Code    24  stm32f10x_rcc.o(.text)
    RCC_PLLCmd                               0x08003045   Thumb Code     6  stm32f10x_rcc.o(.text)
    RCC_SYSCLKConfig                         0x0800304b   Thumb Code    18  stm32f10x_rcc.o(.text)
    RCC_GetSYSCLKSource                      0x0800305d   Thumb Code    10  stm32f10x_rcc.o(.text)
    RCC_HCLKConfig                           0x08003067   Thumb Code    18  stm32f10x_rcc.o(.text)
    RCC_PCLK1Config                          0x08003079   Thumb Code    18  stm32f10x_rcc.o(.text)
    RCC_PCLK2Config                          0x0800308b   Thumb Code    20  stm32f10x_rcc.o(.text)
    RCC_ITConfig                             0x0800309f   Thumb Code    26  stm32f10x_rcc.o(.text)
    RCC_USBCLKConfig                         0x080030b9   Thumb Code     6  stm32f10x_rcc.o(.text)
    RCC_ADCCLKConfig                         0x080030bf   Thumb Code    18  stm32f10x_rcc.o(.text)
    RCC_LSEConfig                            0x080030d1   Thumb Code    44  stm32f10x_rcc.o(.text)
    RCC_LSICmd                               0x080030fd   Thumb Code     6  stm32f10x_rcc.o(.text)
    RCC_RTCCLKConfig                         0x08003103   Thumb Code    12  stm32f10x_rcc.o(.text)
    RCC_RTCCLKCmd                            0x0800310f   Thumb Code     8  stm32f10x_rcc.o(.text)
    RCC_GetClocksFreq                        0x08003117   Thumb Code   192  stm32f10x_rcc.o(.text)
    RCC_AHBPeriphClockCmd                    0x080031d7   Thumb Code    26  stm32f10x_rcc.o(.text)
    RCC_APB2PeriphClockCmd                   0x080031f1   Thumb Code    26  stm32f10x_rcc.o(.text)
    RCC_APB1PeriphClockCmd                   0x0800320b   Thumb Code    26  stm32f10x_rcc.o(.text)
    RCC_APB2PeriphResetCmd                   0x08003225   Thumb Code    26  stm32f10x_rcc.o(.text)
    RCC_APB1PeriphResetCmd                   0x0800323f   Thumb Code    26  stm32f10x_rcc.o(.text)
    RCC_BackupResetCmd                       0x08003259   Thumb Code     8  stm32f10x_rcc.o(.text)
    RCC_ClockSecuritySystemCmd               0x08003261   Thumb Code     6  stm32f10x_rcc.o(.text)
    RCC_MCOConfig                            0x08003267   Thumb Code     6  stm32f10x_rcc.o(.text)
    RCC_ClearFlag                            0x0800326d   Thumb Code    14  stm32f10x_rcc.o(.text)
    RCC_GetITStatus                          0x0800327b   Thumb Code    20  stm32f10x_rcc.o(.text)
    RCC_ClearITPendingBit                    0x0800328f   Thumb Code     6  stm32f10x_rcc.o(.text)
    TIM_DeInit                               0x080032c1   Thumb Code   424  stm32f10x_tim.o(.text)
    TIM_TimeBaseInit                         0x08003469   Thumb Code   122  stm32f10x_tim.o(.text)
    TIM_OC1Init                              0x080034e3   Thumb Code   132  stm32f10x_tim.o(.text)
    TIM_OC2Init                              0x08003567   Thumb Code   154  stm32f10x_tim.o(.text)
    TIM_OC3Init                              0x08003601   Thumb Code   150  stm32f10x_tim.o(.text)
    TIM_OC4Init                              0x08003697   Thumb Code   182  stm32f10x_tim.o(.text)
    TIM_SetIC4Prescaler                      0x0800374d   Thumb Code    26  stm32f10x_tim.o(.text)
    TIM_SetIC3Prescaler                      0x080037e9   Thumb Code    18  stm32f10x_tim.o(.text)
    TIM_SetIC2Prescaler                      0x08003875   Thumb Code    26  stm32f10x_tim.o(.text)
    TIM_SetIC1Prescaler                      0x08003911   Thumb Code    18  stm32f10x_tim.o(.text)
    TIM_ICInit                               0x0800398f   Thumb Code   150  stm32f10x_tim.o(.text)
    TIM_PWMIConfig                           0x08003a25   Thumb Code   124  stm32f10x_tim.o(.text)
    TIM_BDTRConfig                           0x08003aa1   Thumb Code    32  stm32f10x_tim.o(.text)
    TIM_TimeBaseStructInit                   0x08003ac1   Thumb Code    18  stm32f10x_tim.o(.text)
    TIM_OCStructInit                         0x08003ad3   Thumb Code    20  stm32f10x_tim.o(.text)
    TIM_ICStructInit                         0x08003ae7   Thumb Code    18  stm32f10x_tim.o(.text)
    TIM_BDTRStructInit                       0x08003af9   Thumb Code    40  stm32f10x_tim.o(.text)
    TIM_Cmd                                  0x08003b21   Thumb Code    24  stm32f10x_tim.o(.text)
    TIM_CtrlPWMOutputs                       0x08003b39   Thumb Code    30  stm32f10x_tim.o(.text)
    TIM_ITConfig                             0x08003b57   Thumb Code    18  stm32f10x_tim.o(.text)
    TIM_GenerateEvent                        0x08003b69   Thumb Code     4  stm32f10x_tim.o(.text)
    TIM_DMAConfig                            0x08003b6d   Thumb Code    10  stm32f10x_tim.o(.text)
    TIM_DMACmd                               0x08003b77   Thumb Code    18  stm32f10x_tim.o(.text)
    TIM_InternalClockConfig                  0x08003b89   Thumb Code    12  stm32f10x_tim.o(.text)
    TIM_SelectInputTrigger                   0x08003b95   Thumb Code    18  stm32f10x_tim.o(.text)
    TIM_ITRxExternalClockConfig              0x08003ba7   Thumb Code    24  stm32f10x_tim.o(.text)
    TIM_TIxExternalClockConfig               0x08003bbf   Thumb Code    62  stm32f10x_tim.o(.text)
    TIM_ETRConfig                            0x08003bfd   Thumb Code    28  stm32f10x_tim.o(.text)
    TIM_ETRClockMode1Config                  0x08003c19   Thumb Code    54  stm32f10x_tim.o(.text)
    TIM_ETRClockMode2Config                  0x08003c4f   Thumb Code    32  stm32f10x_tim.o(.text)
    TIM_PrescalerConfig                      0x08003c6f   Thumb Code     6  stm32f10x_tim.o(.text)
    TIM_CounterModeConfig                    0x08003c75   Thumb Code    18  stm32f10x_tim.o(.text)
    TIM_EncoderInterfaceConfig               0x08003c87   Thumb Code    66  stm32f10x_tim.o(.text)
    TIM_ForcedOC1Config                      0x08003cc9   Thumb Code    18  stm32f10x_tim.o(.text)
    TIM_ForcedOC2Config                      0x08003cdb   Thumb Code    26  stm32f10x_tim.o(.text)
    TIM_ForcedOC3Config                      0x08003cf5   Thumb Code    18  stm32f10x_tim.o(.text)
    TIM_ForcedOC4Config                      0x08003d07   Thumb Code    26  stm32f10x_tim.o(.text)
    TIM_ARRPreloadConfig                     0x08003d21   Thumb Code    24  stm32f10x_tim.o(.text)
    TIM_SelectCOM                            0x08003d39   Thumb Code    24  stm32f10x_tim.o(.text)
    TIM_SelectCCDMA                          0x08003d51   Thumb Code    24  stm32f10x_tim.o(.text)
    TIM_CCPreloadControl                     0x08003d69   Thumb Code    24  stm32f10x_tim.o(.text)
    TIM_OC1PreloadConfig                     0x08003d81   Thumb Code    18  stm32f10x_tim.o(.text)
    TIM_OC2PreloadConfig                     0x08003d93   Thumb Code    26  stm32f10x_tim.o(.text)
    TIM_OC3PreloadConfig                     0x08003dad   Thumb Code    18  stm32f10x_tim.o(.text)
    TIM_OC4PreloadConfig                     0x08003dbf   Thumb Code    26  stm32f10x_tim.o(.text)
    TIM_OC1FastConfig                        0x08003dd9   Thumb Code    18  stm32f10x_tim.o(.text)
    TIM_OC2FastConfig                        0x08003deb   Thumb Code    26  stm32f10x_tim.o(.text)
    TIM_OC3FastConfig                        0x08003e05   Thumb Code    18  stm32f10x_tim.o(.text)
    TIM_OC4FastConfig                        0x08003e17   Thumb Code    26  stm32f10x_tim.o(.text)
    TIM_ClearOC1Ref                          0x08003e31   Thumb Code    18  stm32f10x_tim.o(.text)
    TIM_ClearOC2Ref                          0x08003e43   Thumb Code    24  stm32f10x_tim.o(.text)
    TIM_ClearOC3Ref                          0x08003e5b   Thumb Code    18  stm32f10x_tim.o(.text)
    TIM_ClearOC4Ref                          0x08003e6d   Thumb Code    24  stm32f10x_tim.o(.text)
    TIM_OC1PolarityConfig                    0x08003e85   Thumb Code    18  stm32f10x_tim.o(.text)
    TIM_OC1NPolarityConfig                   0x08003e97   Thumb Code    18  stm32f10x_tim.o(.text)
    TIM_OC2PolarityConfig                    0x08003ea9   Thumb Code    26  stm32f10x_tim.o(.text)
    TIM_OC2NPolarityConfig                   0x08003ec3   Thumb Code    26  stm32f10x_tim.o(.text)
    TIM_OC3PolarityConfig                    0x08003edd   Thumb Code    26  stm32f10x_tim.o(.text)
    TIM_OC3NPolarityConfig                   0x08003ef7   Thumb Code    26  stm32f10x_tim.o(.text)
    TIM_OC4PolarityConfig                    0x08003f11   Thumb Code    26  stm32f10x_tim.o(.text)
    TIM_CCxCmd                               0x08003f2b   Thumb Code    30  stm32f10x_tim.o(.text)
    TIM_CCxNCmd                              0x08003f49   Thumb Code    30  stm32f10x_tim.o(.text)
    TIM_SelectOCxM                           0x08003f67   Thumb Code    82  stm32f10x_tim.o(.text)
    TIM_UpdateDisableConfig                  0x08003fb9   Thumb Code    24  stm32f10x_tim.o(.text)
    TIM_UpdateRequestConfig                  0x08003fd1   Thumb Code    24  stm32f10x_tim.o(.text)
    TIM_SelectHallSensor                     0x08003fe9   Thumb Code    24  stm32f10x_tim.o(.text)
    TIM_SelectOnePulseMode                   0x08004001   Thumb Code    18  stm32f10x_tim.o(.text)
    TIM_SelectOutputTrigger                  0x08004013   Thumb Code    18  stm32f10x_tim.o(.text)
    TIM_SelectSlaveMode                      0x08004025   Thumb Code    18  stm32f10x_tim.o(.text)
    TIM_SelectMasterSlaveMode                0x08004037   Thumb Code    18  stm32f10x_tim.o(.text)
    TIM_SetCounter                           0x08004049   Thumb Code     4  stm32f10x_tim.o(.text)
    TIM_SetAutoreload                        0x0800404d   Thumb Code     4  stm32f10x_tim.o(.text)
    TIM_SetCompare1                          0x08004051   Thumb Code     4  stm32f10x_tim.o(.text)
    TIM_SetCompare2                          0x08004055   Thumb Code     4  stm32f10x_tim.o(.text)
    TIM_SetCompare3                          0x08004059   Thumb Code     4  stm32f10x_tim.o(.text)
    TIM_SetCompare4                          0x0800405d   Thumb Code     6  stm32f10x_tim.o(.text)
    TIM_SetClockDivision                     0x08004063   Thumb Code    18  stm32f10x_tim.o(.text)
    TIM_GetCapture1                          0x08004075   Thumb Code     6  stm32f10x_tim.o(.text)
    TIM_GetCapture2                          0x0800407b   Thumb Code     6  stm32f10x_tim.o(.text)
    TIM_GetCapture3                          0x08004081   Thumb Code     6  stm32f10x_tim.o(.text)
    TIM_GetCapture4                          0x08004087   Thumb Code     8  stm32f10x_tim.o(.text)
    TIM_GetCounter                           0x0800408f   Thumb Code     6  stm32f10x_tim.o(.text)
    TIM_GetPrescaler                         0x08004095   Thumb Code     6  stm32f10x_tim.o(.text)
    TIM_GetFlagStatus                        0x0800409b   Thumb Code    18  stm32f10x_tim.o(.text)
    TIM_ClearFlag                            0x080040ad   Thumb Code     6  stm32f10x_tim.o(.text)
    TIM_GetITStatus                          0x080040b3   Thumb Code    34  stm32f10x_tim.o(.text)
    TIM_ClearITPendingBit                    0x080040d5   Thumb Code     6  stm32f10x_tim.o(.text)
    USART_DeInit                             0x080040dd   Thumb Code   134  stm32f10x_usart.o(.text)
    USART_Init                               0x08004163   Thumb Code   210  stm32f10x_usart.o(.text)
    USART_StructInit                         0x08004235   Thumb Code    24  stm32f10x_usart.o(.text)
    USART_ClockInit                          0x0800424d   Thumb Code    34  stm32f10x_usart.o(.text)
    USART_ClockStructInit                    0x0800426f   Thumb Code    12  stm32f10x_usart.o(.text)
    USART_Cmd                                0x0800427b   Thumb Code    24  stm32f10x_usart.o(.text)
    USART_ITConfig                           0x08004293   Thumb Code    74  stm32f10x_usart.o(.text)
    USART_DMACmd                             0x080042dd   Thumb Code    18  stm32f10x_usart.o(.text)
    USART_SetAddress                         0x080042ef   Thumb Code    18  stm32f10x_usart.o(.text)
    USART_WakeUpConfig                       0x08004301   Thumb Code    18  stm32f10x_usart.o(.text)
    USART_ReceiverWakeUpCmd                  0x08004313   Thumb Code    24  stm32f10x_usart.o(.text)
    USART_LINBreakDetectLengthConfig         0x0800432b   Thumb Code    18  stm32f10x_usart.o(.text)
    USART_LINCmd                             0x0800433d   Thumb Code    24  stm32f10x_usart.o(.text)
    USART_SendData                           0x08004355   Thumb Code     8  stm32f10x_usart.o(.text)
    USART_ReceiveData                        0x0800435d   Thumb Code    10  stm32f10x_usart.o(.text)
    USART_SendBreak                          0x08004367   Thumb Code    10  stm32f10x_usart.o(.text)
    USART_SetGuardTime                       0x08004371   Thumb Code    16  stm32f10x_usart.o(.text)
    USART_SetPrescaler                       0x08004381   Thumb Code    16  stm32f10x_usart.o(.text)
    USART_SmartCardCmd                       0x08004391   Thumb Code    24  stm32f10x_usart.o(.text)
    USART_SmartCardNACKCmd                   0x080043a9   Thumb Code    24  stm32f10x_usart.o(.text)
    USART_HalfDuplexCmd                      0x080043c1   Thumb Code    24  stm32f10x_usart.o(.text)
    USART_OverSampling8Cmd                   0x080043d9   Thumb Code    22  stm32f10x_usart.o(.text)
    USART_OneBitMethodCmd                    0x080043ef   Thumb Code    24  stm32f10x_usart.o(.text)
    USART_IrDAConfig                         0x08004407   Thumb Code    18  stm32f10x_usart.o(.text)
    USART_IrDACmd                            0x08004419   Thumb Code    24  stm32f10x_usart.o(.text)
    USART_GetFlagStatus                      0x08004431   Thumb Code    26  stm32f10x_usart.o(.text)
    USART_ClearFlag                          0x0800444b   Thumb Code    18  stm32f10x_usart.o(.text)
    USART_GetITStatus                        0x0800445d   Thumb Code    84  stm32f10x_usart.o(.text)
    USART_ClearITPendingBit                  0x080044b1   Thumb Code    52  stm32f10x_usart.o(.text)
    SystemInit                               0x080045c3   Thumb Code    78  system_stm32f10x.o(.text)
    SystemCoreClockUpdate                    0x08004611   Thumb Code   142  system_stm32f10x.o(.text)
    __aeabi_uldivmod                         0x080046c5   Thumb Code    98  uldiv.o(.text)
    __scatterload                            0x08004729   Thumb Code    28  init.o(.text)
    __scatterload_rt2                        0x08004729   Thumb Code     0  init.o(.text)
    __aeabi_llsl                             0x0800474d   Thumb Code    30  llshl.o(.text)
    _ll_shift_l                              0x0800474d   Thumb Code     0  llshl.o(.text)
    __aeabi_llsr                             0x0800476b   Thumb Code    32  llushr.o(.text)
    _ll_ushift_r                             0x0800476b   Thumb Code     0  llushr.o(.text)
    __decompress                             0x0800478b   Thumb Code     0  __dczerorl2.o(.text)
    __decompress1                            0x0800478b   Thumb Code    92  __dczerorl2.o(.text)
    __0printf$5                              0x080047e9   Thumb Code    22  printf5.o(i.__0printf$5)
    __1printf$5                              0x080047e9   Thumb Code     0  printf5.o(i.__0printf$5)
    __2printf                                0x080047e9   Thumb Code     0  printf5.o(i.__0printf$5)
    __scatterload_copy                       0x08004809   Thumb Code    14  handlers.o(i.__scatterload_copy)
    __scatterload_null                       0x08004817   Thumb Code     2  handlers.o(i.__scatterload_null)
    __scatterload_zeroinit                   0x08004819   Thumb Code    14  handlers.o(i.__scatterload_zeroinit)
    Region$$Table$$Base                      0x08004ae8   Number         0  anon$$obj.o(Region$$Table)
    Region$$Table$$Limit                     0x08004b08   Number         0  anon$$obj.o(Region$$Table)
    TimeSlice                                0x20000000   Data           5  global.o(.data)
    ChangeName                               0x20000005   Data          37  global.o(.data)
    PowerOFF                                 0x2000002a   Data           7  global.o(.data)
    MusicPlay                                0x20000031   Data           7  global.o(.data)
    MusicPause                               0x20000038   Data           7  global.o(.data)
    MusicPlayPause                           0x2000003f   Data           7  global.o(.data)
    MusicStop                                0x20000046   Data           7  global.o(.data)
    gucChangeNameTimeout                     0x2000004d   Data           1  global.o(.data)
    gucSendAppDataFlg                        0x2000004e   Data           1  global.o(.data)
    SysSendAppData                           0x2000004f   Data           2  global.o(.data)
    Header                                   0x20000051   Data          10  global.o(.data)
    gucRcvQueueLocate                        0x2000005b   Data           1  global.o(.data)
    Data                                     0x2000005c   Data        1000  global.o(.data)
    gucRCVFlg                                0x20000444   Data           1  global.o(.data)
    buf_length                               0x20000448   Data           4  global.o(.data)
    gucSendPackageTimeout                    0x2000044c   Data           2  global.o(.data)
    ADCConvertedValue                        0x2000044e   Data           2  global.o(.data)
    ADS1x9x_Status_Flags                     0x20000450   Data           1  global.o(.data)
    EXTI_InitStruct_PD8                      0x20000458   Data           8  user_coreconfig.o(.data)
    Enqueue_Bit                              0x2000046a   Data           1  queue.o(.data)
    head                                     0x2000046c   Data           2  queue.o(.data)
    tail                                     0x2000046e   Data           2  queue.o(.data)
    SystemCoreClock                          0x20000484   Data           4  system_stm32f10x.o(.data)
    AHBPrescTable                            0x20000488   Data          16  system_stm32f10x.o(.data)
    __stdout                                 0x20000498   Data           4  stdout.o(.data)
    Btm_state                                0x2000049c   Data          12  global.o(.bss)
    ReceiveMBBuff                            0x200004a8   Data         100  global.o(.bss)
    buffer                                   0x2000050c   Data        1280  global.o(.bss)
    RecCMDQueue                              0x20000a0c   Data         500  global.o(.bss)
    ADS1x9x_Data                             0x20000c00   Data          27  global.o(.bss)
    buf                                      0x20000c1b   Data        4096  global.o(.bss)
    queue                                    0x20001c1b   Data        4096  queue.o(.bss)
    __initial_sp                             0x20003020   Data           0  startup_stm32f10x_md.o(STACK)



==============================================================================

Memory Map of the image

  Image Entry point : 0x080000ed

  Load Region LR_IROM1 (Base: 0x08000000, Size: 0x00004fa4, Max: 0x00080000, ABSOLUTE, COMPRESSED[0x00004b64])

    Execution Region ER_IROM1 (Base: 0x08000000, Size: 0x00004b08, Max: 0x00080000, ABSOLUTE)

    Base Addr    Size         Type   Attr      Idx    E Section Name        Object

    0x08000000   0x000000ec   Data   RO            3    RESET               startup_stm32f10x_md.o
    0x080000ec   0x00000000   Code   RO          452  * .ARM.Collect$$$$00000000  mc_w.l(entry.o)
    0x080000ec   0x00000004   Code   RO          716    .ARM.Collect$$$$00000001  mc_w.l(entry2.o)
    0x080000f0   0x00000004   Code   RO          719    .ARM.Collect$$$$00000004  mc_w.l(entry5.o)
    0x080000f4   0x00000000   Code   RO          721    .ARM.Collect$$$$00000008  mc_w.l(entry7b.o)
    0x080000f4   0x00000000   Code   RO          723    .ARM.Collect$$$$0000000A  mc_w.l(entry8b.o)
    0x080000f4   0x00000008   Code   RO          724    .ARM.Collect$$$$0000000B  mc_w.l(entry9a.o)
    0x080000fc   0x00000000   Code   RO          726    .ARM.Collect$$$$0000000D  mc_w.l(entry10a.o)
    0x080000fc   0x00000000   Code   RO          728    .ARM.Collect$$$$0000000F  mc_w.l(entry11a.o)
    0x080000fc   0x00000004   Code   RO          717    .ARM.Collect$$$$00002712  mc_w.l(entry2.o)
    0x08000100   0x00000024   Code   RO            4    .text               startup_stm32f10x_md.o
    0x08000124   0x00000088   Code   RO           10    .text               global.o
    0x080001ac   0x000002a0   Code   RO           83    .text               main.o
    0x0800044c   0x0000025c   Code   RO          133    .text               stm32f10x_it.o
    0x080006a8   0x0000004c   Code   RO          156    .text               printf.o
    0x080006f4   0x0000065c   Code   RO          171    .text               user_coreconfig.o
    0x08000d50   0x00000e50   Code   RO          199    .text               user_handle.o
    0x08001ba0   0x000004b0   Code   RO          219    .text               ads1299.o
    0x08002050   0x000001b2   Code   RO          238    .text               spi.o
    0x08002202   0x00000002   PAD
    0x08002204   0x000000ac   Code   RO          250    .text               delay.o
    0x080022b0   0x0000007c   Code   RO          264    .text               queue.o
    0x0800232c   0x000000dc   Code   RO          283    .text               misc.o
    0x08002408   0x0000044e   Code   RO          295    .text               stm32f10x_adc.o
    0x08002856   0x00000002   PAD
    0x08002858   0x00000250   Code   RO          307    .text               stm32f10x_dma.o
    0x08002aa8   0x0000011c   Code   RO          319    .text               stm32f10x_exti.o
    0x08002bc4   0x00000358   Code   RO          343    .text               stm32f10x_gpio.o
    0x08002f1c   0x000003a4   Code   RO          355    .text               stm32f10x_rcc.o
    0x080032c0   0x00000e1a   Code   RO          384    .text               stm32f10x_tim.o
    0x080040da   0x00000002   PAD
    0x080040dc   0x00000408   Code   RO          396    .text               stm32f10x_usart.o
    0x080044e4   0x000001e0   Code   RO          418    .text               system_stm32f10x.o
    0x080046c4   0x00000062   Code   RO          733    .text               mc_w.l(uldiv.o)
    0x08004726   0x00000002   PAD
    0x08004728   0x00000024   Code   RO          746    .text               mc_w.l(init.o)
    0x0800474c   0x0000001e   Code   RO          748    .text               mc_w.l(llshl.o)
    0x0800476a   0x00000020   Code   RO          750    .text               mc_w.l(llushr.o)
    0x0800478a   0x0000005c   Code   RO          764    .text               mc_w.l(__dczerorl2.o)
    0x080047e6   0x00000002   PAD
    0x080047e8   0x00000020   Code   RO          588    i.__0printf$5       mc_w.l(printf5.o)
    0x08004808   0x0000000e   Code   RO          758    i.__scatterload_copy  mc_w.l(handlers.o)
    0x08004816   0x00000002   Code   RO          759    i.__scatterload_null  mc_w.l(handlers.o)
    0x08004818   0x0000000e   Code   RO          760    i.__scatterload_zeroinit  mc_w.l(handlers.o)
    0x08004826   0x00000002   PAD
    0x08004828   0x000002c0   Code   RO          595    i._printf_core      mc_w.l(printf5.o)
    0x08004ae8   0x00000020   Data   RO          756    Region$$Table       anon$$obj.o


    Execution Region RW_IRAM1 (Base: 0x20000000, Size: 0x00003020, Max: 0x00010000, ABSOLUTE, COMPRESSED[0x0000005c])

    Base Addr    Size         Type   Attr      Idx    E Section Name        Object

    0x20000000   0x00000451   Data   RW           12    .data               global.o
    0x20000451   0x00000001   Data   RW           84    .data               main.o
    0x20000452   0x00000006   Data   RW          134    .data               stm32f10x_it.o
    0x20000458   0x00000008   Data   RW          172    .data               user_coreconfig.o
    0x20000460   0x00000006   Data   RW          200    .data               user_handle.o
    0x20000466   0x00000004   Data   RW          251    .data               delay.o
    0x2000046a   0x00000006   Data   RW          266    .data               queue.o
    0x20000470   0x00000014   Data   RW          356    .data               stm32f10x_rcc.o
    0x20000484   0x00000014   Data   RW          419    .data               system_stm32f10x.o
    0x20000498   0x00000004   Data   RW          730    .data               mc_w.l(stdout.o)
    0x2000049c   0x0000177f   Zero   RW           11    .bss                global.o
    0x20001c1b   0x00001000   Zero   RW          265    .bss                queue.o
    0x20002c1b   0x00000005   PAD
    0x20002c20   0x00000400   Zero   RW            1    STACK               startup_stm32f10x_md.o


==============================================================================

Image component sizes


      Code (inc. data)   RO Data    RW Data    ZI Data      Debug   Object Name

      1200        262          0          0          0       4321   ads1299.o
       172          8          0          4          0        993   delay.o
       136         20          0       1105       6015     287471   global.o
       672        132          0          1          0      18315   main.o
       220         20          0          0          0       1893   misc.o
        76          4          0          0          0        997   printf.o
       124         16          0          6       4096       1481   queue.o
       434          0          0          0          0       4739   spi.o
        36          8        236          0       1024        796   startup_stm32f10x_md.o
      1102         26          0          0          0      10929   stm32f10x_adc.o
       592          8          0          0          0       4422   stm32f10x_dma.o
       284         10          0          0          0       2331   stm32f10x_exti.o
       856         40          0          0          0       5737   stm32f10x_gpio.o
       604         76          0          6          0       2617   stm32f10x_it.o
       932         44          0         20          0       8924   stm32f10x_rcc.o
      3610         88          0          0          0      22228   stm32f10x_tim.o
      1032         22          0          0          0       8464   stm32f10x_usart.o
       480         38          0         20          0       2023   system_stm32f10x.o
      1628         66          0          8          0      11259   user_coreconfig.o
      3664        896          0          6          0       7359   user_handle.o

    ----------------------------------------------------------------------
     17860       1784        268       1176      11140     407299   Object Totals
         0          0         32          0          0          0   (incl. Generated)
         6          0          0          0          5          0   (incl. Padding)

    ----------------------------------------------------------------------

      Code (inc. data)   RO Data    RW Data    ZI Data      Debug   Library Member Name

        92          0          0          0          0          0   __dczerorl2.o
         0          0          0          0          0          0   entry.o
         0          0          0          0          0          0   entry10a.o
         0          0          0          0          0          0   entry11a.o
         8          4          0          0          0          0   entry2.o
         4          0          0          0          0          0   entry5.o
         0          0          0          0          0          0   entry7b.o
         0          0          0          0          0          0   entry8b.o
         8          4          0          0          0          0   entry9a.o
        30          0          0          0          0          0   handlers.o
        36          8          0          0          0         68   init.o
        30          0          0          0          0         68   llshl.o
        32          0          0          0          0         68   llushr.o
       736         56          0          0          0        184   printf5.o
         0          0          0          4          0          0   stdout.o
        98          0          0          0          0         92   uldiv.o

    ----------------------------------------------------------------------
      1080         72          0          4          0        480   Library Totals
         6          0          0          0          0          0   (incl. Padding)

    ----------------------------------------------------------------------

      Code (inc. data)   RO Data    RW Data    ZI Data      Debug   Library Name

      1074         72          0          4          0        480   mc_w.l

    ----------------------------------------------------------------------
      1080         72          0          4          0        480   Library Totals

    ----------------------------------------------------------------------

==============================================================================


      Code (inc. data)   RO Data    RW Data    ZI Data      Debug   

     18940       1856        268       1180      11140     405283   Grand Totals
     18940       1856        268         92      11140     405283   ELF Image Totals (compressed)
     18940       1856        268         92          0          0   ROM Totals

==============================================================================

    Total RO  Size (Code + RO Data)                19208 (  18.76kB)
    Total RW  Size (RW Data + ZI Data)             12320 (  12.03kB)
    Total ROM Size (Code + RO Data + RW Data)      19300 (  18.85kB)

==============================================================================

