<html>
<body>
<pre>
<h1>µVision Build Log</h1>
<h2>Project:</h2>
E:\Project\Bluetooth\BTMBluetooth_Test_F103\Keil\GPIO_OUT.uvproj
Project File Date:  11/20/2014

<h2>Output:</h2>
</pre>
</body>
</html>
inking...
Program Size: Code=10716 RO-data=268 RW-data=56 ZI-data=1048  
FromELF: creating hex file...
".\Output\GPIO_OUT.axf" - 0 Error(s), 0 Warning(s).
piling User_CoreConfig.c...
compiling User_Handle.c...
compiling SysTick.c...
compiling USART.c...
compiling misc.c...
compiling stm32f10x_adc.c...
compiling stm32f10x_can.c...
compiling stm32f10x_cec.c...
compiling stm32f10x_crc.c...
compiling stm32f10x_dac.c...
compiling stm32f10x_dbgmcu.c...
compiling stm32f10x_dma.c...
compiling stm32f10x_exti.c...
compiling stm32f10x_flash.c...
compiling stm32f10x_fsmc.c...
compiling stm32f10x_gpio.c...
compiling stm32f10x_i2c.c...
compiling stm32f10x_iwdg.c...
compiling stm32f10x_pwr.c...
compiling stm32f10x_rcc.c...
compiling stm32f10x_rtc.c...
compiling stm32f10x_sdio.c...
compiling stm32f10x_spi.c...
compiling stm32f10x_tim.c...
compiling stm32f10x_usart.c...
compiling stm32f10x_wwdg.c...
compiling core_cm3.c...
compiling system_stm32f10x.c...
linking...
Program Size: Code=10716 RO-data=268 RW-data=56 ZI-data=1048  
FromELF: creating hex file...
".\Output\GPIO_OUT.axf" - 0 Error(s), 0 Warning(s).
 - 0 Error(s), 0 Warning(s).
