<html>
<body>
<pre>
<h1>µVision Build Log</h1>
<h2>Project:</h2>
C:\Users\oooo\Desktop\BTMBluetooth_Test_F103_20141124\BTMBluetooth_Test_F103_20141124\Keil\GPIO_OUT.uvproj
Project File Date:  11/24/2014

<h2>Output:</h2>
Rebuild target 'Target 1'
assembling startup_stm32f10x_md.s...
compiling Global.c...
compiling main.c...
compiling Mode.c...
compiling stm32f10x_it.c...
compiling Printf.c...
compiling User_CoreConfig.c...
compiling User_Handle.c...
compiling ADS1299.c...
..\User\ADS1299.c(35): warning:  #177-D: variable "i" was declared but never referenced
      unsigned int i;
..\User\ADS1299.c: 1 warning, 0 errors
compiling spi.c...
compiling delay.c...
compiling Queue.c...
compiling misc.c...
compiling stm32f10x_adc.c...
compiling stm32f10x_dma.c...
compiling stm32f10x_exti.c...
compiling stm32f10x_flash.c...
compiling stm32f10x_gpio.c...
compiling stm32f10x_rcc.c...
compiling stm32f10x_spi.c...
compiling stm32f10x_tim.c...
compiling stm32f10x_usart.c...
compiling core_cm3.c...
compiling system_stm32f10x.c...
linking...
Program Size: Code=18940 RO-data=268 RW-data=1180 ZI-data=11140  
FromELF: creating hex file...
".\Output\GPIO_OUT.axf" - 0 Error(s), 1 Warning(s).
</pre>
</body>
</html>
